[2024-05-14T16:13:57.072+0000][0.018s] Using G1
[2024-05-14T16:13:57.124+0000][0.070s] Version: 17.0.11+9 (release)
[2024-05-14T16:13:57.124+0000][0.070s] CPUs: 8 total, 8 available
[2024-05-14T16:13:57.125+0000][0.071s] Memory: 15746M
[2024-05-14T16:13:57.125+0000][0.071s] Large Page Support: Disabled
[2024-05-14T16:13:57.125+0000][0.071s] NUMA Support: Disabled
[2024-05-14T16:13:57.125+0000][0.071s] Compressed Oops: Enabled (32-bit)
[2024-05-14T16:13:57.125+0000][0.071s] Heap Region Size: 1M
[2024-05-14T16:13:57.125+0000][0.071s] Heap Min Capacity: 512M
[2024-05-14T16:13:57.126+0000][0.072s] Heap Initial Capacity: 512M
[2024-05-14T16:13:57.126+0000][0.072s] Heap Max Capacity: 512M
[2024-05-14T16:13:57.127+0000][0.073s] Pre-touch: Enabled
[2024-05-14T16:13:57.127+0000][0.073s] Parallel Workers: 8
[2024-05-14T16:13:57.127+0000][0.073s] Concurrent Workers: 2
[2024-05-14T16:13:57.127+0000][0.073s] Concurrent Refinement Workers: 8
[2024-05-14T16:13:57.128+0000][0.074s] Periodic GC: Disabled
[2024-05-14T16:13:57.135+0000][0.081s] CDS archive(s) mapped at: [0x00007f20a7000000-0x00007f20a7a5f000-0x00007f20a7a5f000), size 10874880, SharedBaseAddress: 0x00007f20a7000000, ArchiveRelocationMode: 1.
[2024-05-14T16:13:57.135+0000][0.081s] Compressed class space mapped at: 0x00007f20a8000000-0x00007f20e8000000, reserved size: 1073741824
[2024-05-14T16:13:57.136+0000][0.082s] Narrow klass base: 0x00007f20a7000000, Narrow klass shift: 0, Narrow klass range: 0x100000000
[2024-05-14T16:13:58.434+0000][1.380s] GC(0) Pause Young (Normal) (G1 Evacuation Pause)
[2024-05-14T16:13:58.434+0000][1.380s] GC(0) Using 8 workers of 8 for evacuation
[2024-05-14T16:13:58.439+0000][1.385s] GC(0)   Pre Evacuate Collection Set: 0.3ms
[2024-05-14T16:13:58.440+0000][1.386s] GC(0)   Merge Heap Roots: 0.2ms
[2024-05-14T16:13:58.440+0000][1.386s] GC(0)   Evacuate Collection Set: 2.7ms
[2024-05-14T16:13:58.440+0000][1.386s] GC(0)   Post Evacuate Collection Set: 0.9ms
[2024-05-14T16:13:58.440+0000][1.386s] GC(0)   Other: 1.1ms
[2024-05-14T16:13:58.441+0000][1.387s] GC(0) Eden regions: 29->0(58)
[2024-05-14T16:13:58.441+0000][1.387s] GC(0) Survivor regions: 0->4(4)
[2024-05-14T16:13:58.442+0000][1.388s] GC(0) Old regions: 0->1
[2024-05-14T16:13:58.443+0000][1.389s] GC(0) Archive regions: 2->2
[2024-05-14T16:13:58.443+0000][1.389s] GC(0) Humongous regions: 0->0
[2024-05-14T16:13:58.460+0000][1.406s] GC(0) Metaspace: 9813K(10048K)->9813K(10048K) NonClass: 8601K(8704K)->8601K(8704K) Class: 1211K(1344K)->1211K(1344K)
[2024-05-14T16:13:58.461+0000][1.407s] GC(0) Pause Young (Normal) (G1 Evacuation Pause) 29M->4M(512M) 27.371ms
[2024-05-14T16:13:58.463+0000][1.409s] GC(0) User=0.01s Sys=0.03s Real=0.03s
[2024-05-14T16:13:59.846+0000][2.792s] GC(1) Pause Young (Normal) (G1 Evacuation Pause)
[2024-05-14T16:13:59.848+0000][2.794s] GC(1) Using 8 workers of 8 for evacuation
[2024-05-14T16:13:59.869+0000][2.815s] GC(1)   Pre Evacuate Collection Set: 0.3ms
[2024-05-14T16:13:59.870+0000][2.816s] GC(1)   Merge Heap Roots: 0.2ms
[2024-05-14T16:13:59.870+0000][2.816s] GC(1)   Evacuate Collection Set: 16.2ms
[2024-05-14T16:13:59.871+0000][2.817s] GC(1)   Post Evacuate Collection Set: 3.2ms
[2024-05-14T16:13:59.871+0000][2.817s] GC(1)   Other: 3.5ms
[2024-05-14T16:13:59.871+0000][2.817s] GC(1) Eden regions: 58->0(72)
[2024-05-14T16:13:59.872+0000][2.818s] GC(1) Survivor regions: 4->8(8)
[2024-05-14T16:13:59.872+0000][2.818s] GC(1) Old regions: 1->9
[2024-05-14T16:13:59.872+0000][2.818s] GC(1) Archive regions: 2->2
[2024-05-14T16:13:59.872+0000][2.818s] GC(1) Humongous regions: 4->4
[2024-05-14T16:13:59.873+0000][2.819s] GC(1) Metaspace: 17877K(18112K)->17877K(18112K) NonClass: 15662K(15808K)->15662K(15808K) Class: 2215K(2304K)->2215K(2304K)
[2024-05-14T16:13:59.873+0000][2.819s] GC(1) Pause Young (Normal) (G1 Evacuation Pause) 66M->21M(512M) 26.825ms
[2024-05-14T16:13:59.873+0000][2.819s] GC(1) User=0.08s Sys=0.01s Real=0.03s
[2024-05-14T16:14:00.579+0000][3.525s] GC(2) Pause Young (Concurrent Start) (Metadata GC Threshold)
[2024-05-14T16:14:00.580+0000][3.526s] GC(2) Using 8 workers of 8 for evacuation
[2024-05-14T16:14:00.587+0000][3.533s] GC(2)   Pre Evacuate Collection Set: 0.4ms
[2024-05-14T16:14:00.588+0000][3.534s] GC(2)   Merge Heap Roots: 0.2ms
[2024-05-14T16:14:00.588+0000][3.534s] GC(2)   Evacuate Collection Set: 5.4ms
[2024-05-14T16:14:00.588+0000][3.534s] GC(2)   Post Evacuate Collection Set: 0.9ms
[2024-05-14T16:14:00.589+0000][3.535s] GC(2)   Other: 1.2ms
[2024-05-14T16:14:00.589+0000][3.535s] GC(2) Eden regions: 29->0(98)
[2024-05-14T16:14:00.589+0000][3.535s] GC(2) Survivor regions: 8->2(10)
[2024-05-14T16:14:00.589+0000][3.535s] GC(2) Old regions: 9->18
[2024-05-14T16:14:00.589+0000][3.535s] GC(2) Archive regions: 2->2
[2024-05-14T16:14:00.590+0000][3.536s] GC(2) Humongous regions: 4->4
[2024-05-14T16:14:00.590+0000][3.536s] GC(2) Metaspace: 21138K(21504K)->21138K(21504K) NonClass: 18519K(18688K)->18519K(18688K) Class: 2619K(2816K)->2619K(2816K)
[2024-05-14T16:14:00.590+0000][3.536s] GC(2) Pause Young (Concurrent Start) (Metadata GC Threshold) 50M->24M(512M) 10.931ms
[2024-05-14T16:14:00.590+0000][3.536s] GC(2) User=0.04s Sys=0.00s Real=0.01s
[2024-05-14T16:14:00.590+0000][3.536s] GC(3) Concurrent Mark Cycle
[2024-05-14T16:14:00.591+0000][3.537s] GC(3) Concurrent Clear Claimed Marks
[2024-05-14T16:14:00.592+0000][3.538s] GC(3) Concurrent Clear Claimed Marks 1.008ms
[2024-05-14T16:14:00.592+0000][3.538s] GC(3) Concurrent Scan Root Regions
[2024-05-14T16:14:00.596+0000][3.542s] GC(3) Concurrent Scan Root Regions 3.512ms
[2024-05-14T16:14:00.596+0000][3.542s] GC(3) Concurrent Mark
[2024-05-14T16:14:00.596+0000][3.542s] GC(3) Concurrent Mark From Roots
[2024-05-14T16:14:00.597+0000][3.543s] GC(3) Using 2 workers of 2 for marking
[2024-05-14T16:14:00.617+0000][3.563s] GC(3) Concurrent Mark From Roots 20.643ms
[2024-05-14T16:14:00.618+0000][3.564s] GC(3) Concurrent Preclean
[2024-05-14T16:14:00.618+0000][3.564s] GC(3) Concurrent Preclean 0.625ms
[2024-05-14T16:14:00.619+0000][3.565s] GC(3) Pause Remark
[2024-05-14T16:14:00.623+0000][3.569s] GC(3) Pause Remark 25M->25M(512M) 3.657ms
[2024-05-14T16:14:00.623+0000][3.569s] GC(3) User=0.01s Sys=0.00s Real=0.00s
[2024-05-14T16:14:00.623+0000][3.569s] GC(3) Concurrent Mark 27.256ms
[2024-05-14T16:14:00.624+0000][3.570s] GC(3) Concurrent Rebuild Remembered Sets
[2024-05-14T16:14:00.635+0000][3.580s] GC(3) Concurrent Rebuild Remembered Sets 10.856ms
[2024-05-14T16:14:00.635+0000][3.581s] GC(3) Pause Cleanup
[2024-05-14T16:14:00.636+0000][3.582s] GC(3) Pause Cleanup 26M->26M(512M) 1.013ms
[2024-05-14T16:14:00.637+0000][3.583s] GC(3) User=0.00s Sys=0.00s Real=0.00s
[2024-05-14T16:14:00.637+0000][3.583s] GC(3) Concurrent Cleanup for Next Mark
[2024-05-14T16:14:00.638+0000][3.584s] GC(3) Concurrent Cleanup for Next Mark 0.658ms
[2024-05-14T16:14:00.638+0000][3.584s] GC(3) Concurrent Mark Cycle 47.549ms
[2024-05-14T16:14:02.823+0000][5.769s] GC(4) Pause Young (Concurrent Start) (Metadata GC Threshold)
[2024-05-14T16:14:02.823+0000][5.769s] GC(4) Using 8 workers of 8 for evacuation
[2024-05-14T16:14:02.833+0000][5.779s] GC(4)   Pre Evacuate Collection Set: 0.5ms
[2024-05-14T16:14:02.834+0000][5.780s] GC(4)   Merge Heap Roots: 0.2ms
[2024-05-14T16:14:02.834+0000][5.780s] GC(4)   Evacuate Collection Set: 6.4ms
[2024-05-14T16:14:02.835+0000][5.781s] GC(4)   Post Evacuate Collection Set: 1.9ms
[2024-05-14T16:14:02.835+0000][5.781s] GC(4)   Other: 1.4ms
[2024-05-14T16:14:02.835+0000][5.781s] GC(4) Eden regions: 92->0(299)
[2024-05-14T16:14:02.835+0000][5.781s] GC(4) Survivor regions: 2->8(13)
[2024-05-14T16:14:02.835+0000][5.781s] GC(4) Old regions: 18->18
[2024-05-14T16:14:02.836+0000][5.782s] GC(4) Archive regions: 2->2
[2024-05-14T16:14:02.836+0000][5.782s] GC(4) Humongous regions: 4->4
[2024-05-14T16:14:02.836+0000][5.782s] GC(4) Metaspace: 35715K(36160K)->35715K(36160K) NonClass: 31225K(31424K)->31225K(31424K) Class: 4490K(4736K)->4490K(4736K)
[2024-05-14T16:14:02.836+0000][5.782s] GC(4) Pause Young (Concurrent Start) (Metadata GC Threshold) 115M->29M(512M) 13.336ms
[2024-05-14T16:14:02.836+0000][5.782s] GC(4) User=0.05s Sys=0.01s Real=0.01s
[2024-05-14T16:14:02.836+0000][5.782s] GC(5) Concurrent Mark Cycle
[2024-05-14T16:14:02.837+0000][5.783s] GC(5) Concurrent Clear Claimed Marks
[2024-05-14T16:14:02.837+0000][5.783s] GC(5) Concurrent Clear Claimed Marks 0.295ms
[2024-05-14T16:14:02.838+0000][5.784s] GC(5) Concurrent Scan Root Regions
[2024-05-14T16:14:02.841+0000][5.787s] GC(5) Concurrent Scan Root Regions 3.652ms
[2024-05-14T16:14:02.844+0000][5.790s] GC(5) Concurrent Mark
[2024-05-14T16:14:02.846+0000][5.792s] GC(5) Concurrent Mark From Roots
[2024-05-14T16:14:02.846+0000][5.792s] GC(5) Using 2 workers of 2 for marking
[2024-05-14T16:14:02.912+0000][5.858s] GC(5) Concurrent Mark From Roots 66.818ms
[2024-05-14T16:14:02.913+0000][5.859s] GC(5) Concurrent Preclean
[2024-05-14T16:14:02.914+0000][5.860s] GC(5) Concurrent Preclean 1.301ms
[2024-05-14T16:14:02.915+0000][5.861s] GC(5) Pause Remark
[2024-05-14T16:14:02.920+0000][5.866s] GC(5) Pause Remark 33M->33M(512M) 5.054ms
[2024-05-14T16:14:02.920+0000][5.866s] GC(5) User=0.02s Sys=0.00s Real=0.01s
[2024-05-14T16:14:02.921+0000][5.867s] GC(5) Concurrent Mark 76.587ms
[2024-05-14T16:14:02.921+0000][5.867s] GC(5) Concurrent Rebuild Remembered Sets
[2024-05-14T16:14:02.939+0000][5.885s] GC(5) Concurrent Rebuild Remembered Sets 17.611ms
[2024-05-14T16:14:02.942+0000][5.888s] GC(5) Pause Cleanup
[2024-05-14T16:14:02.943+0000][5.889s] GC(5) Pause Cleanup 34M->34M(512M) 0.808ms
[2024-05-14T16:14:02.943+0000][5.889s] GC(5) User=0.00s Sys=0.00s Real=0.00s
[2024-05-14T16:14:02.943+0000][5.889s] GC(5) Concurrent Cleanup for Next Mark
[2024-05-14T16:14:02.944+0000][5.890s] GC(5) Concurrent Cleanup for Next Mark 0.693ms
[2024-05-14T16:14:02.944+0000][5.890s] GC(5) Concurrent Mark Cycle 107.695ms
[2024-05-14T17:53:41.745+0000][5984.986s] Heap
[2024-05-14T17:53:41.746+0000][5984.987s]  garbage-first heap   total 524288K, used 266575K [0x00000000e0000000, 0x0000000100000000)
[2024-05-14T17:53:41.746+0000][5984.987s]   region size 1024K, 239 young (244736K), 8 survivors (8192K)
[2024-05-14T17:53:41.746+0000][5984.988s]  Metaspace       used 53519K, committed 54080K, reserved 1114112K
[2024-05-14T17:53:41.747+0000][5984.988s]   class space    used 6913K, committed 7168K, reserved 1048576K
