[2024-05-17T14:56:25.974+0000][0.033s] Using G1
[2024-05-17T14:56:26.026+0000][0.085s] Version: 17.0.11+9 (release)
[2024-05-17T14:56:26.027+0000][0.086s] CPUs: 8 total, 8 available
[2024-05-17T14:56:26.027+0000][0.086s] Memory: 15746M
[2024-05-17T14:56:26.027+0000][0.086s] Large Page Support: Disabled
[2024-05-17T14:56:26.028+0000][0.087s] NUMA Support: Disabled
[2024-05-17T14:56:26.028+0000][0.087s] Compressed Oops: Enabled (32-bit)
[2024-05-17T14:56:26.028+0000][0.087s] Heap Region Size: 1M
[2024-05-17T14:56:26.028+0000][0.087s] Heap Min Capacity: 512M
[2024-05-17T14:56:26.029+0000][0.088s] Heap Initial Capacity: 512M
[2024-05-17T14:56:26.029+0000][0.088s] Heap Max Capacity: 512M
[2024-05-17T14:56:26.029+0000][0.088s] Pre-touch: Enabled
[2024-05-17T14:56:26.030+0000][0.089s] Parallel Workers: 8
[2024-05-17T14:56:26.030+0000][0.089s] Concurrent Workers: 2
[2024-05-17T14:56:26.030+0000][0.089s] Concurrent Refinement Workers: 8
[2024-05-17T14:56:26.030+0000][0.089s] Periodic GC: Disabled
[2024-05-17T14:56:26.038+0000][0.097s] CDS archive(s) mapped at: [0x00007f86f3000000-0x00007f86f3a5f000-0x00007f86f3a5f000), size 10874880, SharedBaseAddress: 0x00007f86f3000000, ArchiveRelocationMode: 1.
[2024-05-17T14:56:26.039+0000][0.098s] Compressed class space mapped at: 0x00007f86f4000000-0x00007f8734000000, reserved size: 1073741824
[2024-05-17T14:56:26.039+0000][0.098s] Narrow klass base: 0x00007f86f3000000, Narrow klass shift: 0, Narrow klass range: 0x100000000
[2024-05-17T14:56:27.192+0000][1.251s] GC(0) Pause Young (Normal) (G1 Evacuation Pause)
[2024-05-17T14:56:27.192+0000][1.251s] GC(0) Using 8 workers of 8 for evacuation
[2024-05-17T14:56:27.197+0000][1.256s] GC(0)   Pre Evacuate Collection Set: 0.3ms
[2024-05-17T14:56:27.198+0000][1.257s] GC(0)   Merge Heap Roots: 0.2ms
[2024-05-17T14:56:27.198+0000][1.257s] GC(0)   Evacuate Collection Set: 3.2ms
[2024-05-17T14:56:27.198+0000][1.257s] GC(0)   Post Evacuate Collection Set: 1.0ms
[2024-05-17T14:56:27.198+0000][1.257s] GC(0)   Other: 0.8ms
[2024-05-17T14:56:27.199+0000][1.258s] GC(0) Eden regions: 29->0(57)
[2024-05-17T14:56:27.199+0000][1.258s] GC(0) Survivor regions: 0->4(4)
[2024-05-17T14:56:27.199+0000][1.258s] GC(0) Old regions: 0->1
[2024-05-17T14:56:27.199+0000][1.258s] GC(0) Archive regions: 2->2
[2024-05-17T14:56:27.200+0000][1.259s] GC(0) Humongous regions: 0->0
[2024-05-17T14:56:27.200+0000][1.259s] GC(0) Metaspace: 9959K(10240K)->9959K(10240K) NonClass: 8719K(8832K)->8719K(8832K) Class: 1240K(1408K)->1240K(1408K)
[2024-05-17T14:56:27.200+0000][1.259s] GC(0) Pause Young (Normal) (G1 Evacuation Pause) 29M->5M(512M) 8.102ms
[2024-05-17T14:56:27.200+0000][1.259s] GC(0) User=0.05s Sys=0.00s Real=0.01s
[2024-05-17T14:56:27.974+0000][2.033s] GC(1) Pause Young (Normal) (G1 Evacuation Pause)
[2024-05-17T14:56:27.975+0000][2.034s] GC(1) Using 8 workers of 8 for evacuation
[2024-05-17T14:56:27.983+0000][2.042s] GC(1)   Pre Evacuate Collection Set: 0.2ms
[2024-05-17T14:56:27.983+0000][2.042s] GC(1)   Merge Heap Roots: 0.2ms
[2024-05-17T14:56:27.983+0000][2.042s] GC(1)   Evacuate Collection Set: 6.6ms
[2024-05-17T14:56:27.983+0000][2.042s] GC(1)   Post Evacuate Collection Set: 0.9ms
[2024-05-17T14:56:27.983+0000][2.042s] GC(1)   Other: 0.7ms
[2024-05-17T14:56:27.984+0000][2.043s] GC(1) Eden regions: 55->0(165)
[2024-05-17T14:56:27.984+0000][2.043s] GC(1) Survivor regions: 4->8(8)
[2024-05-17T14:56:27.984+0000][2.043s] GC(1) Old regions: 1->9
[2024-05-17T14:56:27.984+0000][2.043s] GC(1) Archive regions: 2->2
[2024-05-17T14:56:27.984+0000][2.043s] GC(1) Humongous regions: 4->4
[2024-05-17T14:56:27.985+0000][2.044s] GC(1) Metaspace: 17890K(18176K)->17890K(18176K) NonClass: 15675K(15872K)->15675K(15872K) Class: 2215K(2304K)->2215K(2304K)
[2024-05-17T14:56:27.985+0000][2.044s] GC(1) Pause Young (Normal) (G1 Evacuation Pause) 64M->21M(512M) 10.586ms
[2024-05-17T14:56:27.985+0000][2.044s] GC(1) User=0.06s Sys=0.00s Real=0.01s
[2024-05-17T14:56:28.356+0000][2.415s] GC(2) Pause Young (Concurrent Start) (Metadata GC Threshold)
[2024-05-17T14:56:28.357+0000][2.416s] GC(2) Using 8 workers of 8 for evacuation
[2024-05-17T14:56:28.363+0000][2.422s] GC(2)   Pre Evacuate Collection Set: 0.2ms
[2024-05-17T14:56:28.363+0000][2.422s] GC(2)   Merge Heap Roots: 0.1ms
[2024-05-17T14:56:28.363+0000][2.422s] GC(2)   Evacuate Collection Set: 4.2ms
[2024-05-17T14:56:28.363+0000][2.422s] GC(2)   Post Evacuate Collection Set: 0.8ms
[2024-05-17T14:56:28.363+0000][2.422s] GC(2)   Other: 0.9ms
[2024-05-17T14:56:28.364+0000][2.422s] GC(2) Eden regions: 32->0(108)
[2024-05-17T14:56:28.364+0000][2.423s] GC(2) Survivor regions: 8->11(18)
[2024-05-17T14:56:28.364+0000][2.423s] GC(2) Old regions: 9->9
[2024-05-17T14:56:28.364+0000][2.423s] GC(2) Archive regions: 2->2
[2024-05-17T14:56:28.364+0000][2.423s] GC(2) Humongous regions: 4->4
[2024-05-17T14:56:28.364+0000][2.423s] GC(2) Metaspace: 21142K(21504K)->21142K(21504K) NonClass: 18523K(18688K)->18523K(18688K) Class: 2619K(2816K)->2619K(2816K)
[2024-05-17T14:56:28.364+0000][2.423s] GC(2) Pause Young (Concurrent Start) (Metadata GC Threshold) 52M->23M(512M) 8.138ms
[2024-05-17T14:56:28.365+0000][2.424s] GC(2) User=0.05s Sys=0.00s Real=0.01s
[2024-05-17T14:56:28.365+0000][2.424s] GC(3) Concurrent Mark Cycle
[2024-05-17T14:56:28.365+0000][2.424s] GC(3) Concurrent Clear Claimed Marks
[2024-05-17T14:56:28.366+0000][2.425s] GC(3) Concurrent Clear Claimed Marks 1.071ms
[2024-05-17T14:56:28.366+0000][2.425s] GC(3) Concurrent Scan Root Regions
[2024-05-17T14:56:28.369+0000][2.428s] GC(3) Concurrent Scan Root Regions 3.142ms
[2024-05-17T14:56:28.370+0000][2.429s] GC(3) Concurrent Mark
[2024-05-17T14:56:28.370+0000][2.429s] GC(3) Concurrent Mark From Roots
[2024-05-17T14:56:28.370+0000][2.429s] GC(3) Using 2 workers of 2 for marking
[2024-05-17T14:56:28.383+0000][2.442s] GC(3) Concurrent Mark From Roots 12.814ms
[2024-05-17T14:56:28.383+0000][2.442s] GC(3) Concurrent Preclean
[2024-05-17T14:56:28.383+0000][2.442s] GC(3) Concurrent Preclean 0.275ms
[2024-05-17T14:56:28.384+0000][2.443s] GC(3) Pause Remark
[2024-05-17T14:56:28.386+0000][2.445s] GC(3) Pause Remark 24M->24M(512M) 2.583ms
[2024-05-17T14:56:28.387+0000][2.446s] GC(3) User=0.01s Sys=0.00s Real=0.00s
[2024-05-17T14:56:28.387+0000][2.446s] GC(3) Concurrent Mark 17.337ms
[2024-05-17T14:56:28.387+0000][2.446s] GC(3) Concurrent Rebuild Remembered Sets
[2024-05-17T14:56:28.392+0000][2.451s] GC(3) Concurrent Rebuild Remembered Sets 4.580ms
[2024-05-17T14:56:28.392+0000][2.451s] GC(3) Pause Cleanup
[2024-05-17T14:56:28.393+0000][2.452s] GC(3) Pause Cleanup 25M->25M(512M) 0.371ms
[2024-05-17T14:56:28.393+0000][2.452s] GC(3) User=0.00s Sys=0.00s Real=0.00s
[2024-05-17T14:56:28.393+0000][2.452s] GC(3) Concurrent Cleanup for Next Mark
[2024-05-17T14:56:28.394+0000][2.452s] GC(3) Concurrent Cleanup for Next Mark 0.501ms
[2024-05-17T14:56:28.394+0000][2.453s] GC(3) Concurrent Mark Cycle 28.904ms
[2024-05-17T14:56:30.270+0000][4.329s] GC(4) Pause Young (Concurrent Start) (Metadata GC Threshold)
[2024-05-17T14:56:30.270+0000][4.329s] GC(4) Using 8 workers of 8 for evacuation
[2024-05-17T14:56:30.281+0000][4.340s] GC(4)   Pre Evacuate Collection Set: 0.5ms
[2024-05-17T14:56:30.282+0000][4.341s] GC(4)   Merge Heap Roots: 0.2ms
[2024-05-17T14:56:30.282+0000][4.341s] GC(4)   Evacuate Collection Set: 7.9ms
[2024-05-17T14:56:30.282+0000][4.341s] GC(4)   Post Evacuate Collection Set: 2.0ms
[2024-05-17T14:56:30.283+0000][4.342s] GC(4)   Other: 1.3ms
[2024-05-17T14:56:30.283+0000][4.342s] GC(4) Eden regions: 92->0(293)
[2024-05-17T14:56:30.283+0000][4.342s] GC(4) Survivor regions: 11->14(15)
[2024-05-17T14:56:30.284+0000][4.343s] GC(4) Old regions: 9->12
[2024-05-17T14:56:30.284+0000][4.343s] GC(4) Archive regions: 2->2
[2024-05-17T14:56:30.284+0000][4.343s] GC(4) Humongous regions: 4->4
[2024-05-17T14:56:30.285+0000][4.344s] GC(4) Metaspace: 35782K(36160K)->35782K(36160K) NonClass: 31287K(31424K)->31287K(31424K) Class: 4495K(4736K)->4495K(4736K)
[2024-05-17T14:56:30.285+0000][4.344s] GC(4) Pause Young (Concurrent Start) (Metadata GC Threshold) 115M->30M(512M) 15.452ms
[2024-05-17T14:56:30.285+0000][4.344s] GC(4) User=0.06s Sys=0.00s Real=0.01s
[2024-05-17T14:56:30.286+0000][4.345s] GC(5) Concurrent Mark Cycle
[2024-05-17T14:56:30.287+0000][4.346s] GC(5) Concurrent Clear Claimed Marks
[2024-05-17T14:56:30.288+0000][4.347s] GC(5) Concurrent Clear Claimed Marks 1.108ms
[2024-05-17T14:56:30.288+0000][4.347s] GC(5) Concurrent Scan Root Regions
[2024-05-17T14:56:30.295+0000][4.354s] GC(5) Concurrent Scan Root Regions 6.933ms
[2024-05-17T14:56:30.295+0000][4.354s] GC(5) Concurrent Mark
[2024-05-17T14:56:30.296+0000][4.355s] GC(5) Concurrent Mark From Roots
[2024-05-17T14:56:30.296+0000][4.355s] GC(5) Using 2 workers of 2 for marking
[2024-05-17T14:56:30.322+0000][4.381s] GC(5) Concurrent Mark From Roots 25.989ms
[2024-05-17T14:56:30.322+0000][4.381s] GC(5) Concurrent Preclean
[2024-05-17T14:56:30.322+0000][4.381s] GC(5) Concurrent Preclean 0.258ms
[2024-05-17T14:56:30.323+0000][4.382s] GC(5) Pause Remark
[2024-05-17T14:56:30.327+0000][4.386s] GC(5) Pause Remark 32M->32M(512M) 4.255ms
[2024-05-17T14:56:30.328+0000][4.387s] GC(5) User=0.02s Sys=0.00s Real=0.00s
[2024-05-17T14:56:30.328+0000][4.387s] GC(5) Concurrent Mark 32.622ms
[2024-05-17T14:56:30.328+0000][4.387s] GC(5) Concurrent Rebuild Remembered Sets
[2024-05-17T14:56:30.337+0000][4.396s] GC(5) Concurrent Rebuild Remembered Sets 9.144ms
[2024-05-17T14:56:30.338+0000][4.397s] GC(5) Pause Cleanup
[2024-05-17T14:56:30.339+0000][4.398s] GC(5) Pause Cleanup 33M->33M(512M) 0.621ms
[2024-05-17T14:56:30.339+0000][4.398s] GC(5) User=0.00s Sys=0.00s Real=0.01s
[2024-05-17T14:56:30.339+0000][4.398s] GC(5) Concurrent Cleanup for Next Mark
[2024-05-17T14:56:30.344+0000][4.403s] GC(5) Concurrent Cleanup for Next Mark 4.978ms
[2024-05-17T14:56:30.345+0000][4.404s] GC(5) Concurrent Mark Cycle 59.117ms
