[2024-05-14T16:13:17.229+0000][0.015s] Using G1
[2024-05-14T16:13:17.266+0000][0.052s] Version: 17.0.11+9 (release)
[2024-05-14T16:13:17.267+0000][0.053s] CPUs: 8 total, 8 available
[2024-05-14T16:13:17.268+0000][0.053s] Memory: 15746M
[2024-05-14T16:13:17.268+0000][0.054s] Large Page Support: Disabled
[2024-05-14T16:13:17.268+0000][0.054s] NUMA Support: Disabled
[2024-05-14T16:13:17.268+0000][0.054s] Compressed Oops: Enabled (32-bit)
[2024-05-14T16:13:17.269+0000][0.054s] Heap Region Size: 1M
[2024-05-14T16:13:17.269+0000][0.055s] Heap Min Capacity: 512M
[2024-05-14T16:13:17.269+0000][0.055s] Heap Initial Capacity: 512M
[2024-05-14T16:13:17.270+0000][0.056s] Heap Max Capacity: 512M
[2024-05-14T16:13:17.270+0000][0.056s] Pre-touch: Enabled
[2024-05-14T16:13:17.270+0000][0.056s] Parallel Workers: 8
[2024-05-14T16:13:17.270+0000][0.056s] Concurrent Workers: 2
[2024-05-14T16:13:17.271+0000][0.056s] Concurrent Refinement Workers: 8
[2024-05-14T16:13:17.271+0000][0.057s] Periodic GC: Disabled
[2024-05-14T16:13:17.276+0000][0.062s] CDS archive(s) mapped at: [0x00007f4123000000-0x00007f4123a5f000-0x00007f4123a5f000), size 10874880, SharedBaseAddress: 0x00007f4123000000, ArchiveRelocationMode: 1.
[2024-05-14T16:13:17.277+0000][0.063s] Compressed class space mapped at: 0x00007f4124000000-0x00007f4164000000, reserved size: 1073741824
[2024-05-14T16:13:17.277+0000][0.063s] Narrow klass base: 0x00007f4123000000, Narrow klass shift: 0, Narrow klass range: 0x100000000
[2024-05-14T16:13:18.208+0000][0.994s] GC(0) Pause Young (Normal) (G1 Evacuation Pause)
[2024-05-14T16:13:18.209+0000][0.995s] GC(0) Using 8 workers of 8 for evacuation
[2024-05-14T16:13:18.212+0000][0.998s] GC(0)   Pre Evacuate Collection Set: 0.2ms
[2024-05-14T16:13:18.213+0000][0.998s] GC(0)   Merge Heap Roots: 0.2ms
[2024-05-14T16:13:18.213+0000][0.999s] GC(0)   Evacuate Collection Set: 2.3ms
[2024-05-14T16:13:18.213+0000][0.999s] GC(0)   Post Evacuate Collection Set: 0.6ms
[2024-05-14T16:13:18.213+0000][0.999s] GC(0)   Other: 0.6ms
[2024-05-14T16:13:18.213+0000][0.999s] GC(0) Eden regions: 29->0(57)
[2024-05-14T16:13:18.213+0000][0.999s] GC(0) Survivor regions: 0->4(4)
[2024-05-14T16:13:18.213+0000][0.999s] GC(0) Old regions: 0->1
[2024-05-14T16:13:18.213+0000][0.999s] GC(0) Archive regions: 2->2
[2024-05-14T16:13:18.214+0000][0.999s] GC(0) Humongous regions: 0->0
[2024-05-14T16:13:18.214+0000][1.000s] GC(0) Metaspace: 9845K(10048K)->9845K(10048K) NonClass: 8627K(8704K)->8627K(8704K) Class: 1217K(1344K)->1217K(1344K)
[2024-05-14T16:13:18.214+0000][1.000s] GC(0) Pause Young (Normal) (G1 Evacuation Pause) 29M->5M(512M) 5.575ms
[2024-05-14T16:13:18.214+0000][1.000s] GC(0) User=0.02s Sys=0.00s Real=0.01s
[2024-05-14T16:13:19.133+0000][1.919s] GC(1) Pause Young (Normal) (G1 Evacuation Pause)
[2024-05-14T16:13:19.134+0000][1.919s] GC(1) Using 8 workers of 8 for evacuation
[2024-05-14T16:13:19.154+0000][1.940s] GC(1)   Pre Evacuate Collection Set: 0.3ms
[2024-05-14T16:13:19.157+0000][1.943s] GC(1)   Merge Heap Roots: 0.2ms
[2024-05-14T16:13:19.158+0000][1.944s] GC(1)   Evacuate Collection Set: 18.2ms
[2024-05-14T16:13:19.159+0000][1.944s] GC(1)   Post Evacuate Collection Set: 1.8ms
[2024-05-14T16:13:19.160+0000][1.946s] GC(1)   Other: 0.9ms
[2024-05-14T16:13:19.160+0000][1.946s] GC(1) Eden regions: 54->0(85)
[2024-05-14T16:13:19.161+0000][1.946s] GC(1) Survivor regions: 4->8(8)
[2024-05-14T16:13:19.161+0000][1.947s] GC(1) Old regions: 1->9
[2024-05-14T16:13:19.162+0000][1.948s] GC(1) Archive regions: 2->2
[2024-05-14T16:13:19.163+0000][1.948s] GC(1) Humongous regions: 4->4
[2024-05-14T16:13:19.164+0000][1.950s] GC(1) Metaspace: 17873K(18112K)->17873K(18112K) NonClass: 15658K(15808K)->15658K(15808K) Class: 2214K(2304K)->2214K(2304K)
[2024-05-14T16:13:19.165+0000][1.950s] GC(1) Pause Young (Normal) (G1 Evacuation Pause) 63M->21M(512M) 31.482ms
[2024-05-14T16:13:19.165+0000][1.951s] GC(1) User=0.12s Sys=0.01s Real=0.03s
[2024-05-14T16:13:19.747+0000][2.532s] GC(2) Pause Young (Concurrent Start) (Metadata GC Threshold)
[2024-05-14T16:13:19.747+0000][2.533s] GC(2) Using 8 workers of 8 for evacuation
[2024-05-14T16:13:19.754+0000][2.540s] GC(2)   Pre Evacuate Collection Set: 0.2ms
[2024-05-14T16:13:19.756+0000][2.542s] GC(2)   Merge Heap Roots: 0.2ms
[2024-05-14T16:13:19.756+0000][2.542s] GC(2)   Evacuate Collection Set: 4.5ms
[2024-05-14T16:13:19.757+0000][2.543s] GC(2)   Post Evacuate Collection Set: 1.6ms
[2024-05-14T16:13:19.758+0000][2.544s] GC(2)   Other: 0.7ms
[2024-05-14T16:13:19.758+0000][2.544s] GC(2) Eden regions: 33->0(141)
[2024-05-14T16:13:19.759+0000][2.544s] GC(2) Survivor regions: 8->3(11)
[2024-05-14T16:13:19.759+0000][2.545s] GC(2) Old regions: 9->17
[2024-05-14T16:13:19.760+0000][2.546s] GC(2) Archive regions: 2->2
[2024-05-14T16:13:19.760+0000][2.546s] GC(2) Humongous regions: 4->4
[2024-05-14T16:13:19.761+0000][2.547s] GC(2) Metaspace: 21132K(21504K)->21132K(21504K) NonClass: 18513K(18688K)->18513K(18688K) Class: 2618K(2816K)->2618K(2816K)
[2024-05-14T16:13:19.762+0000][2.548s] GC(2) Pause Young (Concurrent Start) (Metadata GC Threshold) 53M->24M(512M) 15.461ms
[2024-05-14T16:13:19.763+0000][2.549s] GC(2) User=0.05s Sys=0.00s Real=0.02s
[2024-05-14T16:13:19.763+0000][2.549s] GC(3) Concurrent Mark Cycle
[2024-05-14T16:13:19.764+0000][2.550s] GC(3) Concurrent Clear Claimed Marks
[2024-05-14T16:13:19.765+0000][2.551s] GC(3) Concurrent Clear Claimed Marks 1.070ms
[2024-05-14T16:13:19.765+0000][2.551s] GC(3) Concurrent Scan Root Regions
[2024-05-14T16:13:19.769+0000][2.554s] GC(3) Concurrent Scan Root Regions 3.350ms
[2024-05-14T16:13:19.769+0000][2.555s] GC(3) Concurrent Mark
[2024-05-14T16:13:19.770+0000][2.555s] GC(3) Concurrent Mark From Roots
[2024-05-14T16:13:19.770+0000][2.556s] GC(3) Using 2 workers of 2 for marking
[2024-05-14T16:13:19.784+0000][2.570s] GC(3) Concurrent Mark From Roots 14.612ms
[2024-05-14T16:13:19.785+0000][2.570s] GC(3) Concurrent Preclean
[2024-05-14T16:13:19.791+0000][2.577s] GC(3) Concurrent Preclean 6.370ms
[2024-05-14T16:13:19.799+0000][2.585s] GC(3) Pause Remark
[2024-05-14T16:13:19.803+0000][2.589s] GC(3) Pause Remark 26M->26M(512M) 3.718ms
[2024-05-14T16:13:19.803+0000][2.589s] GC(3) User=0.01s Sys=0.00s Real=0.00s
[2024-05-14T16:13:19.804+0000][2.590s] GC(3) Concurrent Mark 34.435ms
[2024-05-14T16:13:19.804+0000][2.590s] GC(3) Concurrent Rebuild Remembered Sets
[2024-05-14T16:13:19.804+0000][2.590s] GC(3) Concurrent Rebuild Remembered Sets 0.158ms
[2024-05-14T16:13:19.805+0000][2.591s] GC(3) Pause Cleanup
[2024-05-14T16:13:19.805+0000][2.591s] GC(3) Pause Cleanup 26M->26M(512M) 0.253ms
[2024-05-14T16:13:19.805+0000][2.591s] GC(3) User=0.00s Sys=0.00s Real=0.00s
[2024-05-14T16:13:19.806+0000][2.591s] GC(3) Concurrent Cleanup for Next Mark
[2024-05-14T16:13:19.806+0000][2.592s] GC(3) Concurrent Cleanup for Next Mark 0.847ms
[2024-05-14T16:13:19.807+0000][2.593s] GC(3) Concurrent Mark Cycle 43.234ms
[2024-05-14T16:13:21.803+0000][4.589s] GC(4) Pause Young (Concurrent Start) (Metadata GC Threshold)
[2024-05-14T16:13:21.804+0000][4.590s] GC(4) Using 8 workers of 8 for evacuation
[2024-05-14T16:13:21.820+0000][4.606s] GC(4)   Pre Evacuate Collection Set: 1.6ms
[2024-05-14T16:13:21.821+0000][4.606s] GC(4)   Merge Heap Roots: 0.3ms
[2024-05-14T16:13:21.821+0000][4.607s] GC(4)   Evacuate Collection Set: 5.7ms
[2024-05-14T16:13:21.821+0000][4.607s] GC(4)   Post Evacuate Collection Set: 1.4ms
[2024-05-14T16:13:21.822+0000][4.607s] GC(4)   Other: 8.0ms
[2024-05-14T16:13:21.822+0000][4.608s] GC(4) Eden regions: 99->0(299)
[2024-05-14T16:13:21.822+0000][4.608s] GC(4) Survivor regions: 3->8(18)
[2024-05-14T16:13:21.822+0000][4.608s] GC(4) Old regions: 17->17
[2024-05-14T16:13:21.823+0000][4.608s] GC(4) Archive regions: 2->2
[2024-05-14T16:13:21.823+0000][4.609s] GC(4) Humongous regions: 4->4
[2024-05-14T16:13:21.823+0000][4.609s] GC(4) Metaspace: 35860K(36288K)->35860K(36288K) NonClass: 31356K(31552K)->31356K(31552K) Class: 4504K(4736K)->4504K(4736K)
[2024-05-14T16:13:21.823+0000][4.609s] GC(4) Pause Young (Concurrent Start) (Metadata GC Threshold) 122M->29M(512M) 19.896ms
[2024-05-14T16:13:21.823+0000][4.609s] GC(4) User=0.02s Sys=0.02s Real=0.02s
[2024-05-14T16:13:21.824+0000][4.609s] GC(5) Concurrent Mark Cycle
[2024-05-14T16:13:21.824+0000][4.610s] GC(5) Concurrent Clear Claimed Marks
[2024-05-14T16:13:21.824+0000][4.610s] GC(5) Concurrent Clear Claimed Marks 0.263ms
[2024-05-14T16:13:21.824+0000][4.610s] GC(5) Concurrent Scan Root Regions
[2024-05-14T16:13:21.828+0000][4.614s] GC(5) Concurrent Scan Root Regions 4.026ms
[2024-05-14T16:13:21.829+0000][4.615s] GC(5) Concurrent Mark
[2024-05-14T16:13:21.829+0000][4.615s] GC(5) Concurrent Mark From Roots
[2024-05-14T16:13:21.829+0000][4.615s] GC(5) Using 2 workers of 2 for marking
[2024-05-14T16:13:21.855+0000][4.641s] GC(5) Concurrent Mark From Roots 25.862ms
[2024-05-14T16:13:21.856+0000][4.642s] GC(5) Concurrent Preclean
[2024-05-14T16:13:21.856+0000][4.642s] GC(5) Concurrent Preclean 0.426ms
[2024-05-14T16:13:21.857+0000][4.643s] GC(5) Pause Remark
[2024-05-14T16:13:21.860+0000][4.646s] GC(5) Pause Remark 33M->33M(512M) 3.138ms
[2024-05-14T16:13:21.861+0000][4.646s] GC(5) User=0.01s Sys=0.00s Real=0.01s
[2024-05-14T16:13:21.861+0000][4.647s] GC(5) Concurrent Mark 32.308ms
[2024-05-14T16:13:21.861+0000][4.647s] GC(5) Concurrent Rebuild Remembered Sets
[2024-05-14T16:13:21.870+0000][4.656s] GC(5) Concurrent Rebuild Remembered Sets 8.762ms
[2024-05-14T16:13:21.874+0000][4.660s] GC(5) Pause Cleanup
[2024-05-14T16:13:21.875+0000][4.660s] GC(5) Pause Cleanup 34M->34M(512M) 0.723ms
[2024-05-14T16:13:21.875+0000][4.661s] GC(5) User=0.00s Sys=0.00s Real=0.00s
[2024-05-14T16:13:21.876+0000][4.662s] GC(5) Concurrent Cleanup for Next Mark
[2024-05-14T16:13:21.878+0000][4.664s] GC(5) Concurrent Cleanup for Next Mark 2.751ms
[2024-05-14T16:13:21.881+0000][4.667s] GC(5) Concurrent Mark Cycle 57.706ms
[2024-05-14T16:13:43.965+0000][26.752s] Heap
[2024-05-14T16:13:43.972+0000][26.759s]  garbage-first heap   total 524288K, used 284441K [0x00000000e0000000, 0x0000000100000000)
[2024-05-14T16:13:43.972+0000][26.759s]   region size 1024K, 256 young (262144K), 8 survivors (8192K)
[2024-05-14T16:13:43.973+0000][26.760s]  Metaspace       used 53699K, committed 54208K, reserved 1114112K
[2024-05-14T16:13:43.973+0000][26.760s]   class space    used 6920K, committed 7168K, reserved 1048576K
