[2024-05-17T14:55:26.060+0000][0.018s] Using G1
[2024-05-17T14:55:26.098+0000][0.057s] Version: 17.0.11+9 (release)
[2024-05-17T14:55:26.099+0000][0.057s] CPUs: 8 total, 8 available
[2024-05-17T14:55:26.099+0000][0.058s] Memory: 15746M
[2024-05-17T14:55:26.099+0000][0.058s] Large Page Support: Disabled
[2024-05-17T14:55:26.099+0000][0.058s] NUMA Support: Disabled
[2024-05-17T14:55:26.099+0000][0.058s] Compressed Oops: Enabled (32-bit)
[2024-05-17T14:55:26.099+0000][0.058s] Heap Region Size: 1M
[2024-05-17T14:55:26.100+0000][0.058s] Heap Min Capacity: 512M
[2024-05-17T14:55:26.100+0000][0.058s] Heap Initial Capacity: 512M
[2024-05-17T14:55:26.100+0000][0.059s] Heap Max Capacity: 512M
[2024-05-17T14:55:26.100+0000][0.059s] Pre-touch: Enabled
[2024-05-17T14:55:26.100+0000][0.059s] Parallel Workers: 8
[2024-05-17T14:55:26.100+0000][0.059s] Concurrent Workers: 2
[2024-05-17T14:55:26.101+0000][0.059s] Concurrent Refinement Workers: 8
[2024-05-17T14:55:26.101+0000][0.059s] Periodic GC: Disabled
[2024-05-17T14:55:26.105+0000][0.064s] CDS archive(s) mapped at: [0x00007feea3000000-0x00007feea3a5f000-0x00007feea3a5f000), size 10874880, SharedBaseAddress: 0x00007feea3000000, ArchiveRelocationMode: 1.
[2024-05-17T14:55:26.106+0000][0.064s] Compressed class space mapped at: 0x00007feea4000000-0x00007feee4000000, reserved size: 1073741824
[2024-05-17T14:55:26.106+0000][0.064s] Narrow klass base: 0x00007feea3000000, Narrow klass shift: 0, Narrow klass range: 0x100000000
[2024-05-17T14:55:26.988+0000][0.947s] GC(0) Pause Young (Normal) (G1 Evacuation Pause)
[2024-05-17T14:55:26.989+0000][0.947s] GC(0) Using 8 workers of 8 for evacuation
[2024-05-17T14:55:26.993+0000][0.952s] GC(0)   Pre Evacuate Collection Set: 0.2ms
[2024-05-17T14:55:26.993+0000][0.952s] GC(0)   Merge Heap Roots: 0.1ms
[2024-05-17T14:55:26.994+0000][0.952s] GC(0)   Evacuate Collection Set: 3.3ms
[2024-05-17T14:55:26.994+0000][0.952s] GC(0)   Post Evacuate Collection Set: 0.8ms
[2024-05-17T14:55:26.994+0000][0.952s] GC(0)   Other: 0.5ms
[2024-05-17T14:55:26.994+0000][0.953s] GC(0) Eden regions: 29->0(57)
[2024-05-17T14:55:26.994+0000][0.953s] GC(0) Survivor regions: 0->4(4)
[2024-05-17T14:55:26.994+0000][0.953s] GC(0) Old regions: 0->1
[2024-05-17T14:55:26.995+0000][0.953s] GC(0) Archive regions: 2->2
[2024-05-17T14:55:26.995+0000][0.953s] GC(0) Humongous regions: 0->0
[2024-05-17T14:55:26.995+0000][0.953s] GC(0) Metaspace: 9883K(10176K)->9883K(10176K) NonClass: 8664K(8832K)->8664K(8832K) Class: 1219K(1344K)->1219K(1344K)
[2024-05-17T14:55:26.995+0000][0.954s] GC(0) Pause Young (Normal) (G1 Evacuation Pause) 29M->5M(512M) 6.680ms
[2024-05-17T14:55:26.995+0000][0.954s] GC(0) User=0.03s Sys=0.00s Real=0.01s
[2024-05-17T14:55:27.481+0000][1.440s] GC(1) Pause Young (Normal) (G1 Evacuation Pause)
[2024-05-17T14:55:27.481+0000][1.440s] GC(1) Using 8 workers of 8 for evacuation
[2024-05-17T14:55:27.489+0000][1.448s] GC(1)   Pre Evacuate Collection Set: 0.2ms
[2024-05-17T14:55:27.489+0000][1.448s] GC(1)   Merge Heap Roots: 0.1ms
[2024-05-17T14:55:27.490+0000][1.448s] GC(1)   Evacuate Collection Set: 6.3ms
[2024-05-17T14:55:27.490+0000][1.449s] GC(1)   Post Evacuate Collection Set: 0.8ms
[2024-05-17T14:55:27.490+0000][1.449s] GC(1)   Other: 0.6ms
[2024-05-17T14:55:27.491+0000][1.449s] GC(1) Eden regions: 54->0(83)
[2024-05-17T14:55:27.491+0000][1.450s] GC(1) Survivor regions: 4->8(8)
[2024-05-17T14:55:27.491+0000][1.450s] GC(1) Old regions: 1->9
[2024-05-17T14:55:27.491+0000][1.450s] GC(1) Archive regions: 2->2
[2024-05-17T14:55:27.491+0000][1.450s] GC(1) Humongous regions: 4->4
[2024-05-17T14:55:27.492+0000][1.450s] GC(1) Metaspace: 17890K(18112K)->17890K(18112K) NonClass: 15674K(15808K)->15674K(15808K) Class: 2215K(2304K)->2215K(2304K)
[2024-05-17T14:55:27.492+0000][1.450s] GC(1) Pause Young (Normal) (G1 Evacuation Pause) 63M->21M(512M) 10.676ms
[2024-05-17T14:55:27.492+0000][1.451s] GC(1) User=0.04s Sys=0.01s Real=0.01s
[2024-05-17T14:55:27.755+0000][1.714s] GC(2) Pause Young (Concurrent Start) (Metadata GC Threshold)
[2024-05-17T14:55:27.756+0000][1.714s] GC(2) Using 8 workers of 8 for evacuation
[2024-05-17T14:55:27.760+0000][1.718s] GC(2)   Pre Evacuate Collection Set: 0.2ms
[2024-05-17T14:55:27.760+0000][1.719s] GC(2)   Merge Heap Roots: 0.1ms
[2024-05-17T14:55:27.760+0000][1.719s] GC(2)   Evacuate Collection Set: 3.1ms
[2024-05-17T14:55:27.760+0000][1.719s] GC(2)   Post Evacuate Collection Set: 0.5ms
[2024-05-17T14:55:27.760+0000][1.719s] GC(2)   Other: 0.7ms
[2024-05-17T14:55:27.761+0000][1.719s] GC(2) Eden regions: 33->0(113)
[2024-05-17T14:55:27.761+0000][1.719s] GC(2) Survivor regions: 8->8(12)
[2024-05-17T14:55:27.761+0000][1.719s] GC(2) Old regions: 9->12
[2024-05-17T14:55:27.761+0000][1.719s] GC(2) Archive regions: 2->2
[2024-05-17T14:55:27.761+0000][1.720s] GC(2) Humongous regions: 4->4
[2024-05-17T14:55:27.761+0000][1.720s] GC(2) Metaspace: 21153K(21504K)->21153K(21504K) NonClass: 18533K(18688K)->18533K(18688K) Class: 2619K(2816K)->2619K(2816K)
[2024-05-17T14:55:27.761+0000][1.720s] GC(2) Pause Young (Concurrent Start) (Metadata GC Threshold) 53M->24M(512M) 5.839ms
[2024-05-17T14:55:27.761+0000][1.720s] GC(2) User=0.03s Sys=0.00s Real=0.01s
[2024-05-17T14:55:27.761+0000][1.720s] GC(3) Concurrent Mark Cycle
[2024-05-17T14:55:27.762+0000][1.720s] GC(3) Concurrent Clear Claimed Marks
[2024-05-17T14:55:27.762+0000][1.720s] GC(3) Concurrent Clear Claimed Marks 0.122ms
[2024-05-17T14:55:27.762+0000][1.720s] GC(3) Concurrent Scan Root Regions
[2024-05-17T14:55:27.763+0000][1.722s] GC(3) Concurrent Scan Root Regions 1.695ms
[2024-05-17T14:55:27.764+0000][1.722s] GC(3) Concurrent Mark
[2024-05-17T14:55:27.764+0000][1.722s] GC(3) Concurrent Mark From Roots
[2024-05-17T14:55:27.764+0000][1.722s] GC(3) Using 2 workers of 2 for marking
[2024-05-17T14:55:27.770+0000][1.729s] GC(3) Concurrent Mark From Roots 6.644ms
[2024-05-17T14:55:27.771+0000][1.729s] GC(3) Concurrent Preclean
[2024-05-17T14:55:27.771+0000][1.729s] GC(3) Concurrent Preclean 0.162ms
[2024-05-17T14:55:27.771+0000][1.730s] GC(3) Pause Remark
[2024-05-17T14:55:27.773+0000][1.732s] GC(3) Pause Remark 25M->25M(512M) 2.146ms
[2024-05-17T14:55:27.773+0000][1.732s] GC(3) User=0.01s Sys=0.00s Real=0.00s
[2024-05-17T14:55:27.774+0000][1.732s] GC(3) Concurrent Mark 9.997ms
[2024-05-17T14:55:27.774+0000][1.732s] GC(3) Concurrent Rebuild Remembered Sets
[2024-05-17T14:55:27.777+0000][1.736s] GC(3) Concurrent Rebuild Remembered Sets 3.219ms
[2024-05-17T14:55:27.777+0000][1.736s] GC(3) Pause Cleanup
[2024-05-17T14:55:27.778+0000][1.736s] GC(3) Pause Cleanup 26M->26M(512M) 0.240ms
[2024-05-17T14:55:27.778+0000][1.736s] GC(3) User=0.01s Sys=0.00s Real=0.00s
[2024-05-17T14:55:27.778+0000][1.736s] GC(3) Concurrent Cleanup for Next Mark
[2024-05-17T14:55:27.779+0000][1.738s] GC(3) Concurrent Cleanup for Next Mark 1.658ms
[2024-05-17T14:55:27.780+0000][1.738s] GC(3) Concurrent Mark Cycle 18.101ms
[2024-05-17T14:55:29.256+0000][3.214s] GC(4) Pause Young (Prepare Mixed) (Metadata GC Threshold)
[2024-05-17T14:55:29.256+0000][3.215s] GC(4) Using 8 workers of 8 for evacuation
[2024-05-17T14:55:29.264+0000][3.223s] GC(4)   Pre Evacuate Collection Set: 0.2ms
[2024-05-17T14:55:29.264+0000][3.223s] GC(4)   Merge Heap Roots: 0.1ms
[2024-05-17T14:55:29.265+0000][3.223s] GC(4)   Evacuate Collection Set: 6.4ms
[2024-05-17T14:55:29.265+0000][3.223s] GC(4)   Post Evacuate Collection Set: 1.1ms
[2024-05-17T14:55:29.265+0000][3.223s] GC(4)   Other: 0.6ms
[2024-05-17T14:55:29.265+0000][3.223s] GC(4) Eden regions: 110->0(11)
[2024-05-17T14:55:29.265+0000][3.224s] GC(4) Survivor regions: 8->14(16)
[2024-05-17T14:55:29.265+0000][3.224s] GC(4) Old regions: 12->12
[2024-05-17T14:55:29.265+0000][3.224s] GC(4) Archive regions: 2->2
[2024-05-17T14:55:29.265+0000][3.224s] GC(4) Humongous regions: 4->4
[2024-05-17T14:55:29.266+0000][3.224s] GC(4) Metaspace: 35733K(36160K)->35733K(36160K) NonClass: 31243K(31424K)->31243K(31424K) Class: 4489K(4736K)->4489K(4736K)
[2024-05-17T14:55:29.266+0000][3.224s] GC(4) Pause Young (Prepare Mixed) (Metadata GC Threshold) 133M->30M(512M) 9.873ms
[2024-05-17T14:55:29.266+0000][3.224s] GC(4) User=0.06s Sys=0.00s Real=0.01s
[2024-05-17T14:55:29.286+0000][3.245s] GC(5) Pause Young (Mixed) (Metadata GC Threshold)
[2024-05-17T14:55:29.287+0000][3.245s] GC(5) Using 8 workers of 8 for evacuation
[2024-05-17T14:55:29.293+0000][3.252s] GC(5)   Pre Evacuate Collection Set: 0.2ms
[2024-05-17T14:55:29.294+0000][3.252s] GC(5)   Merge Heap Roots: 0.1ms
[2024-05-17T14:55:29.294+0000][3.252s] GC(5)   Evacuate Collection Set: 5.4ms
[2024-05-17T14:55:29.294+0000][3.253s] GC(5)   Post Evacuate Collection Set: 0.7ms
[2024-05-17T14:55:29.294+0000][3.253s] GC(5)   Other: 0.7ms
[2024-05-17T14:55:29.295+0000][3.253s] GC(5) Eden regions: 2->0(305)
[2024-05-17T14:55:29.295+0000][3.253s] GC(5) Survivor regions: 14->2(4)
[2024-05-17T14:55:29.295+0000][3.254s] GC(5) Old regions: 12->25
[2024-05-17T14:55:29.295+0000][3.254s] GC(5) Archive regions: 2->2
[2024-05-17T14:55:29.295+0000][3.254s] GC(5) Humongous regions: 4->4
[2024-05-17T14:55:29.296+0000][3.254s] GC(5) Metaspace: 36094K(36480K)->36094K(36480K) NonClass: 31570K(31744K)->31570K(31744K) Class: 4524K(4736K)->4524K(4736K)
[2024-05-17T14:55:29.296+0000][3.254s] GC(5) Pause Young (Mixed) (Metadata GC Threshold) 31M->30M(512M) 9.461ms
[2024-05-17T14:55:29.296+0000][3.255s] GC(5) User=0.05s Sys=0.00s Real=0.01s
[2024-05-17T14:55:29.318+0000][3.277s] GC(6) Pause Young (Concurrent Start) (Metadata GC Threshold)
[2024-05-17T14:55:29.319+0000][3.277s] GC(6) Using 8 workers of 8 for evacuation
[2024-05-17T14:55:29.321+0000][3.280s] GC(6)   Pre Evacuate Collection Set: 0.2ms
[2024-05-17T14:55:29.321+0000][3.280s] GC(6)   Merge Heap Roots: 0.2ms
[2024-05-17T14:55:29.321+0000][3.280s] GC(6)   Evacuate Collection Set: 1.0ms
[2024-05-17T14:55:29.322+0000][3.280s] GC(6)   Post Evacuate Collection Set: 0.6ms
[2024-05-17T14:55:29.322+0000][3.280s] GC(6)   Other: 0.7ms
[2024-05-17T14:55:29.322+0000][3.281s] GC(6) Eden regions: 3->0(306)
[2024-05-17T14:55:29.322+0000][3.281s] GC(6) Survivor regions: 2->1(39)
[2024-05-17T14:55:29.322+0000][3.281s] GC(6) Old regions: 25->25
[2024-05-17T14:55:29.322+0000][3.281s] GC(6) Archive regions: 2->2
[2024-05-17T14:55:29.323+0000][3.281s] GC(6) Humongous regions: 4->4
[2024-05-17T14:55:29.323+0000][3.282s] GC(6) Metaspace: 36410K(36800K)->36410K(36800K) NonClass: 31834K(32000K)->31834K(32000K) Class: 4576K(4800K)->4576K(4800K)
[2024-05-17T14:55:29.323+0000][3.282s] GC(6) Pause Young (Concurrent Start) (Metadata GC Threshold) 33M->29M(512M) 4.886ms
[2024-05-17T14:55:29.323+0000][3.282s] GC(6) User=0.02s Sys=0.01s Real=0.01s
[2024-05-17T14:55:29.324+0000][3.282s] GC(7) Concurrent Mark Cycle
[2024-05-17T14:55:29.328+0000][3.286s] GC(7) Concurrent Clear Claimed Marks
[2024-05-17T14:55:29.330+0000][3.289s] GC(7) Concurrent Clear Claimed Marks 2.745ms
[2024-05-17T14:55:29.330+0000][3.289s] GC(7) Concurrent Scan Root Regions
[2024-05-17T14:55:29.334+0000][3.292s] GC(7) Concurrent Scan Root Regions 3.336ms
[2024-05-17T14:55:29.334+0000][3.293s] GC(7) Concurrent Mark
[2024-05-17T14:55:29.334+0000][3.293s] GC(7) Concurrent Mark From Roots
[2024-05-17T14:55:29.334+0000][3.293s] GC(7) Using 2 workers of 2 for marking
[2024-05-17T14:55:29.373+0000][3.331s] GC(7) Concurrent Mark From Roots 38.397ms
[2024-05-17T14:55:29.374+0000][3.333s] GC(7) Concurrent Preclean
[2024-05-17T14:55:29.375+0000][3.334s] GC(7) Concurrent Preclean 0.963ms
[2024-05-17T14:55:29.378+0000][3.336s] GC(7) Pause Remark
[2024-05-17T14:55:29.384+0000][3.343s] GC(7) Pause Remark 34M->34M(512M) 6.717ms
[2024-05-17T14:55:29.385+0000][3.343s] GC(7) User=0.05s Sys=0.00s Real=0.01s
[2024-05-17T14:55:29.386+0000][3.344s] GC(7) Concurrent Mark 51.805ms
[2024-05-17T14:55:29.388+0000][3.347s] GC(7) Concurrent Rebuild Remembered Sets
[2024-05-17T14:55:29.402+0000][3.360s] GC(7) Concurrent Rebuild Remembered Sets 13.702ms
[2024-05-17T14:55:29.403+0000][3.361s] GC(7) Pause Cleanup
[2024-05-17T14:55:29.403+0000][3.362s] GC(7) Pause Cleanup 34M->34M(512M) 0.427ms
[2024-05-17T14:55:29.403+0000][3.362s] GC(7) User=0.00s Sys=0.00s Real=0.00s
[2024-05-17T14:55:29.404+0000][3.362s] GC(7) Concurrent Cleanup for Next Mark
[2024-05-17T14:55:29.412+0000][3.370s] GC(7) Concurrent Cleanup for Next Mark 7.934ms
[2024-05-17T14:55:29.412+0000][3.370s] GC(7) Concurrent Mark Cycle 88.087ms
[2024-05-17T14:55:58.276+0000][32.236s] Heap
[2024-05-17T14:55:58.276+0000][32.236s]  garbage-first heap   total 524288K, used 261390K [0x00000000e0000000, 0x0000000100000000)
[2024-05-17T14:55:58.276+0000][32.236s]   region size 1024K, 227 young (232448K), 1 survivors (1024K)
[2024-05-17T14:55:58.277+0000][32.236s]  Metaspace       used 53564K, committed 54144K, reserved 1114112K
[2024-05-17T14:55:58.277+0000][32.236s]   class space    used 6941K, committed 7232K, reserved 1048576K
