[2024-05-19T08:51:08.981+0000][0.044s] Using G1
[2024-05-19T08:51:09.012+0000][0.075s] Version: 17.0.11+9 (release)
[2024-05-19T08:51:09.013+0000][0.076s] CPUs: 8 total, 8 available
[2024-05-19T08:51:09.013+0000][0.076s] Memory: 15746M
[2024-05-19T08:51:09.014+0000][0.077s] Large Page Support: Disabled
[2024-05-19T08:51:09.014+0000][0.077s] NUMA Support: Disabled
[2024-05-19T08:51:09.014+0000][0.077s] Compressed Oops: Enabled (32-bit)
[2024-05-19T08:51:09.015+0000][0.078s] Heap Region Size: 1M
[2024-05-19T08:51:09.015+0000][0.078s] Heap Min Capacity: 512M
[2024-05-19T08:51:09.015+0000][0.078s] Heap Initial Capacity: 512M
[2024-05-19T08:51:09.015+0000][0.078s] Heap Max Capacity: 512M
[2024-05-19T08:51:09.016+0000][0.079s] Pre-touch: Enabled
[2024-05-19T08:51:09.016+0000][0.079s] Parallel Workers: 8
[2024-05-19T08:51:09.016+0000][0.079s] Concurrent Workers: 2
[2024-05-19T08:51:09.016+0000][0.079s] Concurrent Refinement Workers: 8
[2024-05-19T08:51:09.016+0000][0.079s] Periodic GC: Disabled
[2024-05-19T08:51:09.022+0000][0.085s] CDS archive(s) mapped at: [0x00007fed1f000000-0x00007fed1fa5f000-0x00007fed1fa5f000), size 10874880, SharedBaseAddress: 0x00007fed1f000000, ArchiveRelocationMode: 1.
[2024-05-19T08:51:09.023+0000][0.086s] Compressed class space mapped at: 0x00007fed20000000-0x00007fed60000000, reserved size: 1073741824
[2024-05-19T08:51:09.023+0000][0.086s] Narrow klass base: 0x00007fed1f000000, Narrow klass shift: 0, Narrow klass range: 0x100000000
[2024-05-19T08:51:09.679+0000][0.742s] GC(0) Pause Young (Normal) (G1 Evacuation Pause)
[2024-05-19T08:51:09.679+0000][0.742s] GC(0) Using 8 workers of 8 for evacuation
[2024-05-19T08:51:09.682+0000][0.745s] GC(0)   Pre Evacuate Collection Set: 0.1ms
[2024-05-19T08:51:09.682+0000][0.745s] GC(0)   Merge Heap Roots: 0.1ms
[2024-05-19T08:51:09.682+0000][0.745s] GC(0)   Evacuate Collection Set: 1.7ms
[2024-05-19T08:51:09.682+0000][0.745s] GC(0)   Post Evacuate Collection Set: 0.4ms
[2024-05-19T08:51:09.682+0000][0.745s] GC(0)   Other: 0.4ms
[2024-05-19T08:51:09.682+0000][0.745s] GC(0) Eden regions: 29->0(58)
[2024-05-19T08:51:09.682+0000][0.745s] GC(0) Survivor regions: 0->4(4)
[2024-05-19T08:51:09.682+0000][0.745s] GC(0) Old regions: 0->1
[2024-05-19T08:51:09.682+0000][0.746s] GC(0) Archive regions: 2->2
[2024-05-19T08:51:09.683+0000][0.746s] GC(0) Humongous regions: 0->0
[2024-05-19T08:51:09.683+0000][0.746s] GC(0) Metaspace: 9858K(10112K)->9858K(10112K) NonClass: 8639K(8768K)->8639K(8768K) Class: 1218K(1344K)->1218K(1344K)
[2024-05-19T08:51:09.683+0000][0.746s] GC(0) Pause Young (Normal) (G1 Evacuation Pause) 29M->5M(512M) 3.838ms
[2024-05-19T08:51:09.683+0000][0.746s] GC(0) User=0.01s Sys=0.00s Real=0.00s
[2024-05-19T08:51:10.147+0000][1.210s] GC(1) Pause Young (Normal) (G1 Evacuation Pause)
[2024-05-19T08:51:10.147+0000][1.211s] GC(1) Using 8 workers of 8 for evacuation
[2024-05-19T08:51:10.154+0000][1.217s] GC(1)   Pre Evacuate Collection Set: 0.2ms
[2024-05-19T08:51:10.154+0000][1.217s] GC(1)   Merge Heap Roots: 0.1ms
[2024-05-19T08:51:10.155+0000][1.218s] GC(1)   Evacuate Collection Set: 4.7ms
[2024-05-19T08:51:10.155+0000][1.218s] GC(1)   Post Evacuate Collection Set: 0.9ms
[2024-05-19T08:51:10.155+0000][1.218s] GC(1)   Other: 0.9ms
[2024-05-19T08:51:10.156+0000][1.219s] GC(1) Eden regions: 55->0(89)
[2024-05-19T08:51:10.156+0000][1.219s] GC(1) Survivor regions: 4->8(8)
[2024-05-19T08:51:10.156+0000][1.219s] GC(1) Old regions: 1->9
[2024-05-19T08:51:10.157+0000][1.220s] GC(1) Archive regions: 2->2
[2024-05-19T08:51:10.157+0000][1.220s] GC(1) Humongous regions: 4->4
[2024-05-19T08:51:10.157+0000][1.221s] GC(1) Metaspace: 17842K(18048K)->17842K(18048K) NonClass: 15628K(15744K)->15628K(15744K) Class: 2214K(2304K)->2214K(2304K)
[2024-05-19T08:51:10.158+0000][1.221s] GC(1) Pause Young (Normal) (G1 Evacuation Pause) 64M->21M(512M) 10.775ms
[2024-05-19T08:51:10.158+0000][1.221s] GC(1) User=0.05s Sys=0.01s Real=0.02s
[2024-05-19T08:51:10.379+0000][1.442s] GC(2) Pause Young (Concurrent Start) (Metadata GC Threshold)
[2024-05-19T08:51:10.379+0000][1.442s] GC(2) Using 8 workers of 8 for evacuation
[2024-05-19T08:51:10.384+0000][1.447s] GC(2)   Pre Evacuate Collection Set: 0.1ms
[2024-05-19T08:51:10.384+0000][1.447s] GC(2)   Merge Heap Roots: 0.1ms
[2024-05-19T08:51:10.384+0000][1.447s] GC(2)   Evacuate Collection Set: 3.4ms
[2024-05-19T08:51:10.384+0000][1.447s] GC(2)   Post Evacuate Collection Set: 0.7ms
[2024-05-19T08:51:10.384+0000][1.447s] GC(2)   Other: 0.6ms
[2024-05-19T08:51:10.384+0000][1.447s] GC(2) Eden regions: 32->0(89)
[2024-05-19T08:51:10.384+0000][1.447s] GC(2) Survivor regions: 8->7(13)
[2024-05-19T08:51:10.384+0000][1.448s] GC(2) Old regions: 9->13
[2024-05-19T08:51:10.385+0000][1.448s] GC(2) Archive regions: 2->2
[2024-05-19T08:51:10.385+0000][1.448s] GC(2) Humongous regions: 4->4
[2024-05-19T08:51:10.385+0000][1.448s] GC(2) Metaspace: 21186K(21504K)->21186K(21504K) NonClass: 18560K(18688K)->18560K(18688K) Class: 2626K(2816K)->2626K(2816K)
[2024-05-19T08:51:10.385+0000][1.448s] GC(2) Pause Young (Concurrent Start) (Metadata GC Threshold) 53M->23M(512M) 6.522ms
[2024-05-19T08:51:10.385+0000][1.448s] GC(2) User=0.02s Sys=0.00s Real=0.00s
[2024-05-19T08:51:10.385+0000][1.449s] GC(3) Concurrent Mark Cycle
[2024-05-19T08:51:10.386+0000][1.449s] GC(3) Concurrent Clear Claimed Marks
[2024-05-19T08:51:10.386+0000][1.449s] GC(3) Concurrent Clear Claimed Marks 0.169ms
[2024-05-19T08:51:10.386+0000][1.449s] GC(3) Concurrent Scan Root Regions
[2024-05-19T08:51:10.388+0000][1.451s] GC(3) Concurrent Scan Root Regions 2.220ms
[2024-05-19T08:51:10.388+0000][1.451s] GC(3) Concurrent Mark
[2024-05-19T08:51:10.389+0000][1.452s] GC(3) Concurrent Mark From Roots
[2024-05-19T08:51:10.389+0000][1.452s] GC(3) Using 2 workers of 2 for marking
[2024-05-19T08:51:10.401+0000][1.464s] GC(3) Concurrent Mark From Roots 12.734ms
[2024-05-19T08:51:10.402+0000][1.465s] GC(3) Concurrent Preclean
[2024-05-19T08:51:10.402+0000][1.465s] GC(3) Concurrent Preclean 0.210ms
[2024-05-19T08:51:10.403+0000][1.466s] GC(3) Pause Remark
[2024-05-19T08:51:10.405+0000][1.468s] GC(3) Pause Remark 25M->25M(512M) 2.026ms
[2024-05-19T08:51:10.405+0000][1.468s] GC(3) User=0.01s Sys=0.01s Real=0.00s
[2024-05-19T08:51:10.406+0000][1.469s] GC(3) Concurrent Mark 17.125ms
[2024-05-19T08:51:10.406+0000][1.469s] GC(3) Concurrent Rebuild Remembered Sets
[2024-05-19T08:51:10.410+0000][1.473s] GC(3) Concurrent Rebuild Remembered Sets 4.224ms
[2024-05-19T08:51:10.410+0000][1.473s] GC(3) Pause Cleanup
[2024-05-19T08:51:10.410+0000][1.474s] GC(3) Pause Cleanup 25M->25M(512M) 0.290ms
[2024-05-19T08:51:10.411+0000][1.474s] GC(3) User=0.00s Sys=0.00s Real=0.00s
[2024-05-19T08:51:10.411+0000][1.474s] GC(3) Concurrent Cleanup for Next Mark
[2024-05-19T08:51:10.411+0000][1.474s] GC(3) Concurrent Cleanup for Next Mark 0.451ms
[2024-05-19T08:51:10.411+0000][1.474s] GC(3) Concurrent Mark Cycle 25.948ms
[2024-05-19T08:51:11.288+0000][2.351s] GC(4) Pause Young (Normal) (G1 Evacuation Pause)
[2024-05-19T08:51:11.288+0000][2.351s] GC(4) Using 8 workers of 8 for evacuation
[2024-05-19T08:51:11.294+0000][2.357s] GC(4)   Pre Evacuate Collection Set: 0.2ms
[2024-05-19T08:51:11.294+0000][2.357s] GC(4)   Merge Heap Roots: 0.1ms
[2024-05-19T08:51:11.294+0000][2.357s] GC(4)   Evacuate Collection Set: 4.3ms
[2024-05-19T08:51:11.294+0000][2.358s] GC(4)   Post Evacuate Collection Set: 1.0ms
[2024-05-19T08:51:11.295+0000][2.358s] GC(4)   Other: 0.8ms
[2024-05-19T08:51:11.295+0000][2.358s] GC(4) Eden regions: 89->0(299)
[2024-05-19T08:51:11.295+0000][2.358s] GC(4) Survivor regions: 7->8(12)
[2024-05-19T08:51:11.295+0000][2.358s] GC(4) Old regions: 13->18
[2024-05-19T08:51:11.295+0000][2.358s] GC(4) Archive regions: 2->2
[2024-05-19T08:51:11.295+0000][2.358s] GC(4) Humongous regions: 4->4
[2024-05-19T08:51:11.295+0000][2.358s] GC(4) Metaspace: 34367K(34688K)->34367K(34688K) NonClass: 30054K(30208K)->30054K(30208K) Class: 4313K(4480K)->4313K(4480K)
[2024-05-19T08:51:11.295+0000][2.358s] GC(4) Pause Young (Normal) (G1 Evacuation Pause) 112M->29M(512M) 7.666ms
[2024-05-19T08:51:11.295+0000][2.358s] GC(4) User=0.05s Sys=0.00s Real=0.01s
[2024-05-19T08:51:11.431+0000][2.494s] GC(5) Pause Young (Concurrent Start) (Metadata GC Threshold)
[2024-05-19T08:51:11.432+0000][2.495s] GC(5) Using 8 workers of 8 for evacuation
[2024-05-19T08:51:11.436+0000][2.499s] GC(5)   Pre Evacuate Collection Set: 0.2ms
[2024-05-19T08:51:11.436+0000][2.499s] GC(5)   Merge Heap Roots: 0.1ms
[2024-05-19T08:51:11.436+0000][2.499s] GC(5)   Evacuate Collection Set: 3.2ms
[2024-05-19T08:51:11.436+0000][2.500s] GC(5)   Post Evacuate Collection Set: 0.5ms
[2024-05-19T08:51:11.437+0000][2.500s] GC(5)   Other: 0.8ms
[2024-05-19T08:51:11.437+0000][2.500s] GC(5) Eden regions: 15->0(298)
[2024-05-19T08:51:11.437+0000][2.500s] GC(5) Survivor regions: 8->9(39)
[2024-05-19T08:51:11.437+0000][2.500s] GC(5) Old regions: 18->18
[2024-05-19T08:51:11.437+0000][2.500s] GC(5) Archive regions: 2->2
[2024-05-19T08:51:11.437+0000][2.500s] GC(5) Humongous regions: 4->4
[2024-05-19T08:51:11.437+0000][2.500s] GC(5) Metaspace: 35779K(36160K)->35779K(36160K) NonClass: 31279K(31424K)->31279K(31424K) Class: 4499K(4736K)->4499K(4736K)
[2024-05-19T08:51:11.437+0000][2.500s] GC(5) Pause Young (Concurrent Start) (Metadata GC Threshold) 44M->30M(512M) 5.756ms
[2024-05-19T08:51:11.437+0000][2.500s] GC(5) User=0.02s Sys=0.00s Real=0.00s
[2024-05-19T08:51:11.437+0000][2.500s] GC(6) Concurrent Mark Cycle
[2024-05-19T08:51:11.437+0000][2.500s] GC(6) Concurrent Clear Claimed Marks
[2024-05-19T08:51:11.438+0000][2.501s] GC(6) Concurrent Clear Claimed Marks 0.133ms
[2024-05-19T08:51:11.438+0000][2.501s] GC(6) Concurrent Scan Root Regions
[2024-05-19T08:51:11.440+0000][2.503s] GC(6) Concurrent Scan Root Regions 2.523ms
[2024-05-19T08:51:11.440+0000][2.504s] GC(6) Concurrent Mark
[2024-05-19T08:51:11.441+0000][2.504s] GC(6) Concurrent Mark From Roots
[2024-05-19T08:51:11.441+0000][2.504s] GC(6) Using 2 workers of 2 for marking
[2024-05-19T08:51:11.455+0000][2.518s] GC(6) Concurrent Mark From Roots 14.517ms
[2024-05-19T08:51:11.455+0000][2.519s] GC(6) Concurrent Preclean
[2024-05-19T08:51:11.456+0000][2.519s] GC(6) Concurrent Preclean 0.278ms
[2024-05-19T08:51:11.456+0000][2.519s] GC(6) Pause Remark
[2024-05-19T08:51:11.458+0000][2.521s] GC(6) Pause Remark 33M->33M(512M) 2.019ms
[2024-05-19T08:51:11.458+0000][2.521s] GC(6) User=0.02s Sys=0.00s Real=0.01s
[2024-05-19T08:51:11.459+0000][2.522s] GC(6) Concurrent Mark 18.134ms
[2024-05-19T08:51:11.459+0000][2.522s] GC(6) Concurrent Rebuild Remembered Sets
[2024-05-19T08:51:11.465+0000][2.528s] GC(6) Concurrent Rebuild Remembered Sets 6.314ms
[2024-05-19T08:51:11.465+0000][2.528s] GC(6) Pause Cleanup
[2024-05-19T08:51:11.466+0000][2.529s] GC(6) Pause Cleanup 34M->34M(512M) 0.356ms
[2024-05-19T08:51:11.466+0000][2.529s] GC(6) User=0.00s Sys=0.00s Real=0.00s
[2024-05-19T08:51:11.466+0000][2.529s] GC(6) Concurrent Cleanup for Next Mark
[2024-05-19T08:51:11.467+0000][2.530s] GC(6) Concurrent Cleanup for Next Mark 0.556ms
[2024-05-19T08:51:11.467+0000][2.530s] GC(6) Concurrent Mark Cycle 29.754ms
