[2024-05-28T14:54:49.409+0000][0.064s] Using G1
[2024-05-28T14:54:49.468+0000][0.122s] Version: 17.0.11+9 (release)
[2024-05-28T14:54:49.468+0000][0.123s] CPUs: 8 total, 8 available
[2024-05-28T14:54:49.469+0000][0.123s] Memory: 15746M
[2024-05-28T14:54:49.469+0000][0.124s] Large Page Support: Disabled
[2024-05-28T14:54:49.470+0000][0.124s] NUMA Support: Disabled
[2024-05-28T14:54:49.470+0000][0.124s] Compressed Oops: Enabled (32-bit)
[2024-05-28T14:54:49.470+0000][0.125s] Heap Region Size: 1M
[2024-05-28T14:54:49.470+0000][0.125s] Heap Min Capacity: 512M
[2024-05-28T14:54:49.471+0000][0.125s] Heap Initial Capacity: 512M
[2024-05-28T14:54:49.471+0000][0.126s] Heap Max Capacity: 512M
[2024-05-28T14:54:49.472+0000][0.127s] Pre-touch: Enabled
[2024-05-28T14:54:49.473+0000][0.128s] Parallel Workers: 8
[2024-05-28T14:54:49.474+0000][0.129s] Concurrent Workers: 2
[2024-05-28T14:54:49.474+0000][0.129s] Concurrent Refinement Workers: 8
[2024-05-28T14:54:49.474+0000][0.129s] Periodic GC: Disabled
[2024-05-28T14:54:49.481+0000][0.136s] CDS archive(s) mapped at: [0x00007f58e7000000-0x00007f58e7a5f000-0x00007f58e7a5f000), size 10874880, SharedBaseAddress: 0x00007f58e7000000, ArchiveRelocationMode: 1.
[2024-05-28T14:54:49.482+0000][0.136s] Compressed class space mapped at: 0x00007f58e8000000-0x00007f5928000000, reserved size: 1073741824
[2024-05-28T14:54:49.482+0000][0.136s] Narrow klass base: 0x00007f58e7000000, Narrow klass shift: 0, Narrow klass range: 0x100000000
[2024-05-28T14:54:50.832+0000][1.486s] GC(0) Pause Young (Normal) (G1 Evacuation Pause)
[2024-05-28T14:54:50.832+0000][1.487s] GC(0) Using 8 workers of 8 for evacuation
[2024-05-28T14:54:50.837+0000][1.491s] GC(0)   Pre Evacuate Collection Set: 0.3ms
[2024-05-28T14:54:50.837+0000][1.492s] GC(0)   Merge Heap Roots: 0.2ms
[2024-05-28T14:54:50.837+0000][1.492s] GC(0)   Evacuate Collection Set: 2.8ms
[2024-05-28T14:54:50.837+0000][1.492s] GC(0)   Post Evacuate Collection Set: 0.9ms
[2024-05-28T14:54:50.838+0000][1.492s] GC(0)   Other: 0.7ms
[2024-05-28T14:54:50.838+0000][1.492s] GC(0) Eden regions: 29->0(57)
[2024-05-28T14:54:50.838+0000][1.493s] GC(0) Survivor regions: 0->4(4)
[2024-05-28T14:54:50.838+0000][1.493s] GC(0) Old regions: 0->1
[2024-05-28T14:54:50.838+0000][1.493s] GC(0) Archive regions: 2->2
[2024-05-28T14:54:50.839+0000][1.493s] GC(0) Humongous regions: 0->0
[2024-05-28T14:54:50.839+0000][1.493s] GC(0) Metaspace: 9901K(10176K)->9901K(10176K) NonClass: 8678K(8832K)->8678K(8832K) Class: 1222K(1344K)->1222K(1344K)
[2024-05-28T14:54:50.839+0000][1.494s] GC(0) Pause Young (Normal) (G1 Evacuation Pause) 29M->5M(512M) 7.456ms
[2024-05-28T14:54:50.839+0000][1.494s] GC(0) User=0.03s Sys=0.01s Real=0.01s
[2024-05-28T14:54:51.702+0000][2.356s] GC(1) Pause Young (Normal) (G1 Evacuation Pause)
[2024-05-28T14:54:51.702+0000][2.357s] GC(1) Using 8 workers of 8 for evacuation
[2024-05-28T14:54:51.715+0000][2.369s] GC(1)   Pre Evacuate Collection Set: 0.2ms
[2024-05-28T14:54:51.715+0000][2.369s] GC(1)   Merge Heap Roots: 0.2ms
[2024-05-28T14:54:51.715+0000][2.370s] GC(1)   Evacuate Collection Set: 9.9ms
[2024-05-28T14:54:51.715+0000][2.370s] GC(1)   Post Evacuate Collection Set: 2.1ms
[2024-05-28T14:54:51.715+0000][2.370s] GC(1)   Other: 0.6ms
[2024-05-28T14:54:51.716+0000][2.370s] GC(1) Eden regions: 55->0(77)
[2024-05-28T14:54:51.716+0000][2.370s] GC(1) Survivor regions: 4->8(8)
[2024-05-28T14:54:51.716+0000][2.371s] GC(1) Old regions: 1->9
[2024-05-28T14:54:51.716+0000][2.371s] GC(1) Archive regions: 2->2
[2024-05-28T14:54:51.717+0000][2.371s] GC(1) Humongous regions: 4->4
[2024-05-28T14:54:51.717+0000][2.371s] GC(1) Metaspace: 17913K(18176K)->17913K(18176K) NonClass: 15698K(15872K)->15698K(15872K) Class: 2215K(2304K)->2215K(2304K)
[2024-05-28T14:54:51.717+0000][2.371s] GC(1) Pause Young (Normal) (G1 Evacuation Pause) 64M->21M(512M) 15.301ms
[2024-05-28T14:54:51.717+0000][2.372s] GC(1) User=0.06s Sys=0.02s Real=0.02s
[2024-05-28T14:54:52.374+0000][3.029s] GC(2) Pause Young (Concurrent Start) (Metadata GC Threshold)
[2024-05-28T14:54:52.374+0000][3.029s] GC(2) Using 8 workers of 8 for evacuation
[2024-05-28T14:54:52.384+0000][3.039s] GC(2)   Pre Evacuate Collection Set: 0.6ms
[2024-05-28T14:54:52.385+0000][3.039s] GC(2)   Merge Heap Roots: 0.4ms
[2024-05-28T14:54:52.385+0000][3.040s] GC(2)   Evacuate Collection Set: 7.1ms
[2024-05-28T14:54:52.385+0000][3.040s] GC(2)   Post Evacuate Collection Set: 1.1ms
[2024-05-28T14:54:52.385+0000][3.040s] GC(2)   Other: 1.2ms
[2024-05-28T14:54:52.386+0000][3.040s] GC(2) Eden regions: 32->0(92)
[2024-05-28T14:54:52.386+0000][3.040s] GC(2) Survivor regions: 8->3(10)
[2024-05-28T14:54:52.386+0000][3.040s] GC(2) Old regions: 9->17
[2024-05-28T14:54:52.386+0000][3.041s] GC(2) Archive regions: 2->2
[2024-05-28T14:54:52.386+0000][3.041s] GC(2) Humongous regions: 4->4
[2024-05-28T14:54:52.386+0000][3.041s] GC(2) Metaspace: 21179K(21504K)->21179K(21504K) NonClass: 18560K(18688K)->18560K(18688K) Class: 2619K(2816K)->2619K(2816K)
[2024-05-28T14:54:52.386+0000][3.041s] GC(2) Pause Young (Concurrent Start) (Metadata GC Threshold) 52M->24M(512M) 12.410ms
[2024-05-28T14:54:52.387+0000][3.041s] GC(2) User=0.06s Sys=0.00s Real=0.01s
[2024-05-28T14:54:52.387+0000][3.041s] GC(3) Concurrent Mark Cycle
[2024-05-28T14:54:52.387+0000][3.042s] GC(3) Concurrent Clear Claimed Marks
[2024-05-28T14:54:52.388+0000][3.042s] GC(3) Concurrent Clear Claimed Marks 0.437ms
[2024-05-28T14:54:52.388+0000][3.042s] GC(3) Concurrent Scan Root Regions
[2024-05-28T14:54:52.393+0000][3.048s] GC(3) Concurrent Scan Root Regions 5.447ms
[2024-05-28T14:54:52.395+0000][3.049s] GC(3) Concurrent Mark
[2024-05-28T14:54:52.395+0000][3.050s] GC(3) Concurrent Mark From Roots
[2024-05-28T14:54:52.395+0000][3.050s] GC(3) Using 2 workers of 2 for marking
[2024-05-28T14:54:52.408+0000][3.063s] GC(3) Concurrent Mark From Roots 12.965ms
[2024-05-28T14:54:52.410+0000][3.064s] GC(3) Concurrent Preclean
[2024-05-28T14:54:52.411+0000][3.066s] GC(3) Concurrent Preclean 1.131ms
[2024-05-28T14:54:52.412+0000][3.066s] GC(3) Pause Remark
[2024-05-28T14:54:52.415+0000][3.070s] GC(3) Pause Remark 25M->25M(512M) 3.351ms
[2024-05-28T14:54:52.416+0000][3.070s] GC(3) User=0.02s Sys=0.01s Real=0.01s
[2024-05-28T14:54:52.416+0000][3.071s] GC(3) Concurrent Mark 21.419ms
[2024-05-28T14:54:52.416+0000][3.071s] GC(3) Concurrent Rebuild Remembered Sets
[2024-05-28T14:54:52.425+0000][3.080s] GC(3) Concurrent Rebuild Remembered Sets 8.801ms
[2024-05-28T14:54:52.426+0000][3.080s] GC(3) Pause Cleanup
[2024-05-28T14:54:52.426+0000][3.081s] GC(3) Pause Cleanup 25M->25M(512M) 0.462ms
[2024-05-28T14:54:52.426+0000][3.081s] GC(3) User=0.00s Sys=0.00s Real=0.00s
[2024-05-28T14:54:52.427+0000][3.081s] GC(3) Concurrent Cleanup for Next Mark
[2024-05-28T14:54:52.428+0000][3.082s] GC(3) Concurrent Cleanup for Next Mark 1.296ms
[2024-05-28T14:54:52.429+0000][3.084s] GC(3) Concurrent Mark Cycle 42.420ms
[2024-05-28T14:54:54.083+0000][4.737s] GC(4) Pause Young (Concurrent Start) (Metadata GC Threshold)
[2024-05-28T14:54:54.083+0000][4.737s] GC(4) Using 8 workers of 8 for evacuation
[2024-05-28T14:54:54.093+0000][4.748s] GC(4)   Pre Evacuate Collection Set: 0.3ms
[2024-05-28T14:54:54.094+0000][4.748s] GC(4)   Merge Heap Roots: 0.2ms
[2024-05-28T14:54:54.094+0000][4.749s] GC(4)   Evacuate Collection Set: 7.9ms
[2024-05-28T14:54:54.094+0000][4.749s] GC(4)   Post Evacuate Collection Set: 1.6ms
[2024-05-28T14:54:54.095+0000][4.749s] GC(4)   Other: 0.9ms
[2024-05-28T14:54:54.095+0000][4.749s] GC(4) Eden regions: 92->0(299)
[2024-05-28T14:54:54.095+0000][4.750s] GC(4) Survivor regions: 3->8(12)
[2024-05-28T14:54:54.095+0000][4.750s] GC(4) Old regions: 17->17
[2024-05-28T14:54:54.096+0000][4.750s] GC(4) Archive regions: 2->2
[2024-05-28T14:54:54.096+0000][4.750s] GC(4) Humongous regions: 4->4
[2024-05-28T14:54:54.097+0000][4.751s] GC(4) Metaspace: 35720K(36160K)->35720K(36160K) NonClass: 31234K(31488K)->31234K(31488K) Class: 4485K(4672K)->4485K(4672K)
[2024-05-28T14:54:54.098+0000][4.752s] GC(4) Pause Young (Concurrent Start) (Metadata GC Threshold) 115M->29M(512M) 15.447ms
[2024-05-28T14:54:54.099+0000][4.753s] GC(4) User=0.06s Sys=0.00s Real=0.01s
[2024-05-28T14:54:54.099+0000][4.754s] GC(5) Concurrent Mark Cycle
[2024-05-28T14:54:54.099+0000][4.754s] GC(5) Concurrent Clear Claimed Marks
[2024-05-28T14:54:54.100+0000][4.754s] GC(5) Concurrent Clear Claimed Marks 0.281ms
[2024-05-28T14:54:54.100+0000][4.754s] GC(5) Concurrent Scan Root Regions
[2024-05-28T14:54:54.104+0000][4.759s] GC(5) Concurrent Scan Root Regions 4.328ms
[2024-05-28T14:54:54.105+0000][4.759s] GC(5) Concurrent Mark
[2024-05-28T14:54:54.105+0000][4.760s] GC(5) Concurrent Mark From Roots
[2024-05-28T14:54:54.105+0000][4.760s] GC(5) Using 2 workers of 2 for marking
[2024-05-28T14:54:54.134+0000][4.788s] GC(5) Concurrent Mark From Roots 28.658ms
[2024-05-28T14:54:54.134+0000][4.789s] GC(5) Concurrent Preclean
[2024-05-28T14:54:54.134+0000][4.789s] GC(5) Concurrent Preclean 0.280ms
[2024-05-28T14:54:54.135+0000][4.789s] GC(5) Pause Remark
[2024-05-28T14:54:54.139+0000][4.793s] GC(5) Pause Remark 32M->32M(512M) 4.006ms
[2024-05-28T14:54:54.139+0000][4.794s] GC(5) User=0.01s Sys=0.00s Real=0.00s
[2024-05-28T14:54:54.140+0000][4.794s] GC(5) Concurrent Mark 34.906ms
[2024-05-28T14:54:54.140+0000][4.795s] GC(5) Concurrent Rebuild Remembered Sets
[2024-05-28T14:54:54.150+0000][4.805s] GC(5) Concurrent Rebuild Remembered Sets 10.189ms
[2024-05-28T14:54:54.151+0000][4.806s] GC(5) Pause Cleanup
[2024-05-28T14:54:54.152+0000][4.806s] GC(5) Pause Cleanup 32M->32M(512M) 0.625ms
[2024-05-28T14:54:54.152+0000][4.807s] GC(5) User=0.00s Sys=0.00s Real=0.00s
[2024-05-28T14:54:54.152+0000][4.807s] GC(5) Concurrent Cleanup for Next Mark
[2024-05-28T14:54:54.153+0000][4.807s] GC(5) Concurrent Cleanup for Next Mark 0.665ms
[2024-05-28T14:54:54.153+0000][4.808s] GC(5) Concurrent Mark Cycle 54.019ms
[2024-05-28T16:09:58.556+0000][4509.365s] Heap
[2024-05-28T16:09:58.556+0000][4509.366s]  garbage-first heap   total 524288K, used 266754K [0x00000000e0000000, 0x0000000100000000)
[2024-05-28T16:09:58.557+0000][4509.366s]   region size 1024K, 239 young (244736K), 8 survivors (8192K)
[2024-05-28T16:09:58.557+0000][4509.366s]  Metaspace       used 53638K, committed 54208K, reserved 1114112K
[2024-05-28T16:09:58.557+0000][4509.366s]   class space    used 6952K, committed 7232K, reserved 1048576K
