[2024-05-15T05:55:25.071+0000][0.014s] Using G1
[2024-05-15T05:55:25.103+0000][0.046s] Version: 17.0.11+9 (release)
[2024-05-15T05:55:25.104+0000][0.046s] CPUs: 8 total, 8 available
[2024-05-15T05:55:25.104+0000][0.047s] Memory: 15746M
[2024-05-15T05:55:25.104+0000][0.047s] Large Page Support: Disabled
[2024-05-15T05:55:25.105+0000][0.047s] NUMA Support: Disabled
[2024-05-15T05:55:25.105+0000][0.048s] Compressed Oops: Enabled (32-bit)
[2024-05-15T05:55:25.106+0000][0.048s] Heap Region Size: 1M
[2024-05-15T05:55:25.106+0000][0.049s] Heap Min Capacity: 512M
[2024-05-15T05:55:25.106+0000][0.049s] Heap Initial Capacity: 512M
[2024-05-15T05:55:25.107+0000][0.050s] Heap Max Capacity: 512M
[2024-05-15T05:55:25.107+0000][0.050s] Pre-touch: Enabled
[2024-05-15T05:55:25.108+0000][0.050s] Parallel Workers: 8
[2024-05-15T05:55:25.108+0000][0.050s] Concurrent Workers: 2
[2024-05-15T05:55:25.108+0000][0.050s] Concurrent Refinement Workers: 8
[2024-05-15T05:55:25.108+0000][0.050s] Periodic GC: Disabled
[2024-05-15T05:55:25.112+0000][0.055s] CDS archive(s) mapped at: [0x00007f9053000000-0x00007f9053a5f000-0x00007f9053a5f000), size 10874880, SharedBaseAddress: 0x00007f9053000000, ArchiveRelocationMode: 1.
[2024-05-15T05:55:25.113+0000][0.055s] Compressed class space mapped at: 0x00007f9054000000-0x00007f9094000000, reserved size: 1073741824
[2024-05-15T05:55:25.113+0000][0.055s] Narrow klass base: 0x00007f9053000000, Narrow klass shift: 0, Narrow klass range: 0x100000000
[2024-05-15T05:55:25.900+0000][0.842s] GC(0) Pause Young (Normal) (G1 Evacuation Pause)
[2024-05-15T05:55:25.900+0000][0.843s] GC(0) Using 8 workers of 8 for evacuation
[2024-05-15T05:55:25.903+0000][0.846s] GC(0)   Pre Evacuate Collection Set: 0.1ms
[2024-05-15T05:55:25.903+0000][0.846s] GC(0)   Merge Heap Roots: 0.1ms
[2024-05-15T05:55:25.903+0000][0.846s] GC(0)   Evacuate Collection Set: 1.8ms
[2024-05-15T05:55:25.904+0000][0.846s] GC(0)   Post Evacuate Collection Set: 0.5ms
[2024-05-15T05:55:25.904+0000][0.846s] GC(0)   Other: 0.5ms
[2024-05-15T05:55:25.904+0000][0.847s] GC(0) Eden regions: 29->0(57)
[2024-05-15T05:55:25.904+0000][0.847s] GC(0) Survivor regions: 0->4(4)
[2024-05-15T05:55:25.904+0000][0.847s] GC(0) Old regions: 0->1
[2024-05-15T05:55:25.904+0000][0.847s] GC(0) Archive regions: 2->2
[2024-05-15T05:55:25.905+0000][0.847s] GC(0) Humongous regions: 0->0
[2024-05-15T05:55:25.905+0000][0.847s] GC(0) Metaspace: 9998K(10304K)->9998K(10304K) NonClass: 8750K(8896K)->8750K(8896K) Class: 1248K(1408K)->1248K(1408K)
[2024-05-15T05:55:25.905+0000][0.847s] GC(0) Pause Young (Normal) (G1 Evacuation Pause) 29M->5M(512M) 4.759ms
[2024-05-15T05:55:25.905+0000][0.847s] GC(0) User=0.02s Sys=0.01s Real=0.00s
[2024-05-15T05:55:26.645+0000][1.588s] GC(1) Pause Young (Normal) (G1 Evacuation Pause)
[2024-05-15T05:55:26.646+0000][1.589s] GC(1) Using 8 workers of 8 for evacuation
[2024-05-15T05:55:26.652+0000][1.595s] GC(1)   Pre Evacuate Collection Set: 0.2ms
[2024-05-15T05:55:26.654+0000][1.596s] GC(1)   Merge Heap Roots: 0.1ms
[2024-05-15T05:55:26.654+0000][1.597s] GC(1)   Evacuate Collection Set: 4.6ms
[2024-05-15T05:55:26.654+0000][1.597s] GC(1)   Post Evacuate Collection Set: 0.8ms
[2024-05-15T05:55:26.655+0000][1.597s] GC(1)   Other: 1.0ms
[2024-05-15T05:55:26.655+0000][1.597s] GC(1) Eden regions: 54->0(76)
[2024-05-15T05:55:26.655+0000][1.597s] GC(1) Survivor regions: 4->8(8)
[2024-05-15T05:55:26.655+0000][1.597s] GC(1) Old regions: 1->9
[2024-05-15T05:55:26.655+0000][1.598s] GC(1) Archive regions: 2->2
[2024-05-15T05:55:26.655+0000][1.598s] GC(1) Humongous regions: 4->4
[2024-05-15T05:55:26.655+0000][1.598s] GC(1) Metaspace: 17905K(18176K)->17905K(18176K) NonClass: 15690K(15872K)->15690K(15872K) Class: 2215K(2304K)->2215K(2304K)
[2024-05-15T05:55:26.656+0000][1.598s] GC(1) Pause Young (Normal) (G1 Evacuation Pause) 63M->21M(512M) 10.227ms
[2024-05-15T05:55:26.656+0000][1.598s] GC(1) User=0.04s Sys=0.00s Real=0.01s
[2024-05-15T05:55:27.165+0000][2.107s] GC(2) Pause Young (Concurrent Start) (Metadata GC Threshold)
[2024-05-15T05:55:27.165+0000][2.107s] GC(2) Using 8 workers of 8 for evacuation
[2024-05-15T05:55:27.170+0000][2.112s] GC(2)   Pre Evacuate Collection Set: 0.2ms
[2024-05-15T05:55:27.170+0000][2.113s] GC(2)   Merge Heap Roots: 0.1ms
[2024-05-15T05:55:27.170+0000][2.113s] GC(2)   Evacuate Collection Set: 3.4ms
[2024-05-15T05:55:27.170+0000][2.113s] GC(2)   Post Evacuate Collection Set: 0.8ms
[2024-05-15T05:55:27.171+0000][2.113s] GC(2)   Other: 0.7ms
[2024-05-15T05:55:27.171+0000][2.113s] GC(2) Eden regions: 33->0(99)
[2024-05-15T05:55:27.171+0000][2.113s] GC(2) Survivor regions: 8->8(10)
[2024-05-15T05:55:27.171+0000][2.114s] GC(2) Old regions: 9->12
[2024-05-15T05:55:27.171+0000][2.114s] GC(2) Archive regions: 2->2
[2024-05-15T05:55:27.171+0000][2.114s] GC(2) Humongous regions: 4->4
[2024-05-15T05:55:27.171+0000][2.114s] GC(2) Metaspace: 21174K(21504K)->21174K(21504K) NonClass: 18554K(18688K)->18554K(18688K) Class: 2619K(2816K)->2619K(2816K)
[2024-05-15T05:55:27.172+0000][2.114s] GC(2) Pause Young (Concurrent Start) (Metadata GC Threshold) 53M->24M(512M) 7.007ms
[2024-05-15T05:55:27.172+0000][2.114s] GC(2) User=0.02s Sys=0.01s Real=0.01s
[2024-05-15T05:55:27.172+0000][2.114s] GC(3) Concurrent Mark Cycle
[2024-05-15T05:55:27.172+0000][2.115s] GC(3) Concurrent Clear Claimed Marks
[2024-05-15T05:55:27.172+0000][2.115s] GC(3) Concurrent Clear Claimed Marks 0.194ms
[2024-05-15T05:55:27.173+0000][2.115s] GC(3) Concurrent Scan Root Regions
[2024-05-15T05:55:27.175+0000][2.118s] GC(3) Concurrent Scan Root Regions 2.627ms
[2024-05-15T05:55:27.176+0000][2.118s] GC(3) Concurrent Mark
[2024-05-15T05:55:27.176+0000][2.118s] GC(3) Concurrent Mark From Roots
[2024-05-15T05:55:27.176+0000][2.118s] GC(3) Using 2 workers of 2 for marking
[2024-05-15T05:55:27.184+0000][2.126s] GC(3) Concurrent Mark From Roots 7.969ms
[2024-05-15T05:55:27.184+0000][2.126s] GC(3) Concurrent Preclean
[2024-05-15T05:55:27.184+0000][2.127s] GC(3) Concurrent Preclean 0.189ms
[2024-05-15T05:55:27.184+0000][2.127s] GC(3) Pause Remark
[2024-05-15T05:55:27.186+0000][2.129s] GC(3) Pause Remark 25M->25M(512M) 1.849ms
[2024-05-15T05:55:27.187+0000][2.129s] GC(3) User=0.01s Sys=0.00s Real=0.00s
[2024-05-15T05:55:27.187+0000][2.129s] GC(3) Concurrent Mark 11.331ms
[2024-05-15T05:55:27.187+0000][2.129s] GC(3) Concurrent Rebuild Remembered Sets
[2024-05-15T05:55:27.187+0000][2.130s] GC(3) Concurrent Rebuild Remembered Sets 0.133ms
[2024-05-15T05:55:27.187+0000][2.130s] GC(3) Pause Cleanup
[2024-05-15T05:55:27.188+0000][2.130s] GC(3) Pause Cleanup 25M->25M(512M) 0.147ms
[2024-05-15T05:55:27.188+0000][2.130s] GC(3) User=0.00s Sys=0.00s Real=0.00s
[2024-05-15T05:55:27.188+0000][2.130s] GC(3) Concurrent Cleanup for Next Mark
[2024-05-15T05:55:27.188+0000][2.131s] GC(3) Concurrent Cleanup for Next Mark 0.565ms
[2024-05-15T05:55:27.189+0000][2.131s] GC(3) Concurrent Mark Cycle 16.710ms
[2024-05-15T05:55:28.593+0000][3.536s] GC(4) Pause Young (Concurrent Start) (Metadata GC Threshold)
[2024-05-15T05:55:28.593+0000][3.536s] GC(4) Using 8 workers of 8 for evacuation
[2024-05-15T05:55:28.602+0000][3.544s] GC(4)   Pre Evacuate Collection Set: 0.2ms
[2024-05-15T05:55:28.602+0000][3.544s] GC(4)   Merge Heap Roots: 0.2ms
[2024-05-15T05:55:28.602+0000][3.544s] GC(4)   Evacuate Collection Set: 6.3ms
[2024-05-15T05:55:28.602+0000][3.545s] GC(4)   Post Evacuate Collection Set: 1.1ms
[2024-05-15T05:55:28.602+0000][3.545s] GC(4)   Other: 0.7ms
[2024-05-15T05:55:28.602+0000][3.545s] GC(4) Eden regions: 92->0(293)
[2024-05-15T05:55:28.603+0000][3.545s] GC(4) Survivor regions: 8->14(14)
[2024-05-15T05:55:28.603+0000][3.545s] GC(4) Old regions: 12->12
[2024-05-15T05:55:28.603+0000][3.545s] GC(4) Archive regions: 2->2
[2024-05-15T05:55:28.603+0000][3.545s] GC(4) Humongous regions: 4->4
[2024-05-15T05:55:28.603+0000][3.546s] GC(4) Metaspace: 35730K(36160K)->35730K(36160K) NonClass: 31245K(31424K)->31245K(31424K) Class: 4485K(4736K)->4485K(4736K)
[2024-05-15T05:55:28.603+0000][3.546s] GC(4) Pause Young (Concurrent Start) (Metadata GC Threshold) 115M->30M(512M) 10.024ms
[2024-05-15T05:55:28.603+0000][3.546s] GC(4) User=0.06s Sys=0.00s Real=0.01s
[2024-05-15T05:55:28.603+0000][3.546s] GC(5) Concurrent Mark Cycle
[2024-05-15T05:55:28.604+0000][3.546s] GC(5) Concurrent Clear Claimed Marks
[2024-05-15T05:55:28.604+0000][3.546s] GC(5) Concurrent Clear Claimed Marks 0.199ms
[2024-05-15T05:55:28.604+0000][3.546s] GC(5) Concurrent Scan Root Regions
[2024-05-15T05:55:28.608+0000][3.550s] GC(5) Concurrent Scan Root Regions 3.678ms
[2024-05-15T05:55:28.608+0000][3.551s] GC(5) Concurrent Mark
[2024-05-15T05:55:28.608+0000][3.551s] GC(5) Concurrent Mark From Roots
[2024-05-15T05:55:28.608+0000][3.551s] GC(5) Using 2 workers of 2 for marking
[2024-05-15T05:55:28.620+0000][3.563s] GC(5) Concurrent Mark From Roots 12.041ms
[2024-05-15T05:55:28.621+0000][3.563s] GC(5) Concurrent Preclean
[2024-05-15T05:55:28.621+0000][3.564s] GC(5) Concurrent Preclean 0.515ms
[2024-05-15T05:55:28.621+0000][3.564s] GC(5) Pause Remark
[2024-05-15T05:55:28.624+0000][3.567s] GC(5) Pause Remark 32M->32M(512M) 2.624ms
[2024-05-15T05:55:28.624+0000][3.567s] GC(5) User=0.01s Sys=0.00s Real=0.00s
[2024-05-15T05:55:28.625+0000][3.567s] GC(5) Concurrent Mark 16.562ms
[2024-05-15T05:55:28.625+0000][3.567s] GC(5) Concurrent Rebuild Remembered Sets
[2024-05-15T05:55:28.631+0000][3.574s] GC(5) Concurrent Rebuild Remembered Sets 6.726ms
[2024-05-15T05:55:28.632+0000][3.575s] GC(5) Pause Cleanup
[2024-05-15T05:55:28.633+0000][3.575s] GC(5) Pause Cleanup 33M->33M(512M) 0.420ms
[2024-05-15T05:55:28.633+0000][3.576s] GC(5) User=0.00s Sys=0.00s Real=0.00s
[2024-05-15T05:55:28.633+0000][3.576s] GC(5) Concurrent Cleanup for Next Mark
[2024-05-15T05:55:28.634+0000][3.576s] GC(5) Concurrent Cleanup for Next Mark 0.546ms
[2024-05-15T05:55:28.634+0000][3.577s] GC(5) Concurrent Mark Cycle 30.727ms
[2024-05-15T05:55:57.774+0000][32.717s] Heap
[2024-05-15T05:55:57.775+0000][32.718s]  garbage-first heap   total 524288K, used 280090K [0x00000000e0000000, 0x0000000100000000)
[2024-05-15T05:55:57.775+0000][32.718s]   region size 1024K, 258 young (264192K), 14 survivors (14336K)
[2024-05-15T05:55:57.775+0000][32.718s]  Metaspace       used 53735K, committed 54336K, reserved 1114112K
[2024-05-15T05:55:57.776+0000][32.719s]   class space    used 6949K, committed 7232K, reserved 1048576K
